Archive member included to satisfy reference by file (symbol)

c:/program files (x86)/atmel/studio/7.0/toolchain/arm/arm-gnu-toolchain/bin/../lib/gcc/arm-none-eabi/6.3.1/thumb/v6-m\libgcc.a(_udivsi3.o)
                              hal/src/hal_flash.o (__aeabi_uidiv)
c:/program files (x86)/atmel/studio/7.0/toolchain/arm/arm-gnu-toolchain/bin/../lib/gcc/arm-none-eabi/6.3.1/thumb/v6-m\libgcc.a(_divsi3.o)
                              hal/src/hal_adc_sync.o (__aeabi_idivmod)
c:/program files (x86)/atmel/studio/7.0/toolchain/arm/arm-gnu-toolchain/bin/../lib/gcc/arm-none-eabi/6.3.1/thumb/v6-m\libgcc.a(_dvmd_tls.o)
                              c:/program files (x86)/atmel/studio/7.0/toolchain/arm/arm-gnu-toolchain/bin/../lib/gcc/arm-none-eabi/6.3.1/thumb/v6-m\libgcc.a(_udivsi3.o) (__aeabi_idiv0)
c:/program files (x86)/atmel/studio/7.0/toolchain/arm/arm-gnu-toolchain/bin/../lib/gcc/arm-none-eabi/6.3.1/thumb/v6-m\libgcc.a(_aeabi_uldivmod.o)
                              hpl/sercom/hpl_sercom.o (__aeabi_uldivmod)
c:/program files (x86)/atmel/studio/7.0/toolchain/arm/arm-gnu-toolchain/bin/../lib/gcc/arm-none-eabi/6.3.1/thumb/v6-m\libgcc.a(_muldi3.o)
                              hpl/sercom/hpl_sercom.o (__aeabi_lmul)
c:/program files (x86)/atmel/studio/7.0/toolchain/arm/arm-gnu-toolchain/bin/../lib/gcc/arm-none-eabi/6.3.1/thumb/v6-m\libgcc.a(_ffssi2.o)
                              hpl/eic/hpl_eic.o (__ffssi2)
c:/program files (x86)/atmel/studio/7.0/toolchain/arm/arm-gnu-toolchain/bin/../lib/gcc/arm-none-eabi/6.3.1/thumb/v6-m\libgcc.a(_fixunsdfsi.o)
                              hpl/sercom/hpl_sercom.o (__aeabi_d2uiz)
c:/program files (x86)/atmel/studio/7.0/toolchain/arm/arm-gnu-toolchain/bin/../lib/gcc/arm-none-eabi/6.3.1/thumb/v6-m\libgcc.a(_udivmoddi4.o)
                              c:/program files (x86)/atmel/studio/7.0/toolchain/arm/arm-gnu-toolchain/bin/../lib/gcc/arm-none-eabi/6.3.1/thumb/v6-m\libgcc.a(_aeabi_uldivmod.o) (__udivmoddi4)
c:/program files (x86)/atmel/studio/7.0/toolchain/arm/arm-gnu-toolchain/bin/../lib/gcc/arm-none-eabi/6.3.1/thumb/v6-m\libgcc.a(divdf3.o)
                              hpl/sercom/hpl_sercom.o (__aeabi_ddiv)
c:/program files (x86)/atmel/studio/7.0/toolchain/arm/arm-gnu-toolchain/bin/../lib/gcc/arm-none-eabi/6.3.1/thumb/v6-m\libgcc.a(muldf3.o)
                              hpl/sercom/hpl_sercom.o (__aeabi_dmul)
c:/program files (x86)/atmel/studio/7.0/toolchain/arm/arm-gnu-toolchain/bin/../lib/gcc/arm-none-eabi/6.3.1/thumb/v6-m\libgcc.a(subdf3.o)
                              hpl/sercom/hpl_sercom.o (__aeabi_dsub)
c:/program files (x86)/atmel/studio/7.0/toolchain/arm/arm-gnu-toolchain/bin/../lib/gcc/arm-none-eabi/6.3.1/thumb/v6-m\libgcc.a(fixdfsi.o)
                              c:/program files (x86)/atmel/studio/7.0/toolchain/arm/arm-gnu-toolchain/bin/../lib/gcc/arm-none-eabi/6.3.1/thumb/v6-m\libgcc.a(_fixunsdfsi.o) (__aeabi_d2iz)
c:/program files (x86)/atmel/studio/7.0/toolchain/arm/arm-gnu-toolchain/bin/../lib/gcc/arm-none-eabi/6.3.1/thumb/v6-m\libgcc.a(floatsidf.o)
                              hpl/sercom/hpl_sercom.o (__aeabi_i2d)
c:/program files (x86)/atmel/studio/7.0/toolchain/arm/arm-gnu-toolchain/bin/../lib/gcc/arm-none-eabi/6.3.1/thumb/v6-m\libgcc.a(floatunsidf.o)
                              hpl/sercom/hpl_sercom.o (__aeabi_ui2d)
c:/program files (x86)/atmel/studio/7.0/toolchain/arm/arm-gnu-toolchain/bin/../lib/gcc/arm-none-eabi/6.3.1/thumb/v6-m\libgcc.a(_arm_cmpdf2.o)
                              c:/program files (x86)/atmel/studio/7.0/toolchain/arm/arm-gnu-toolchain/bin/../lib/gcc/arm-none-eabi/6.3.1/thumb/v6-m\libgcc.a(_fixunsdfsi.o) (__aeabi_dcmpge)
c:/program files (x86)/atmel/studio/7.0/toolchain/arm/arm-gnu-toolchain/bin/../lib/gcc/arm-none-eabi/6.3.1/thumb/v6-m\libgcc.a(_clzsi2.o)
                              c:/program files (x86)/atmel/studio/7.0/toolchain/arm/arm-gnu-toolchain/bin/../lib/gcc/arm-none-eabi/6.3.1/thumb/v6-m\libgcc.a(divdf3.o) (__clzsi2)
c:/program files (x86)/atmel/studio/7.0/toolchain/arm/arm-gnu-toolchain/bin/../lib/gcc/arm-none-eabi/6.3.1/thumb/v6-m\libgcc.a(_clzdi2.o)
                              c:/program files (x86)/atmel/studio/7.0/toolchain/arm/arm-gnu-toolchain/bin/../lib/gcc/arm-none-eabi/6.3.1/thumb/v6-m\libgcc.a(_udivmoddi4.o) (__clzdi2)
c:/program files (x86)/atmel/studio/7.0/toolchain/arm/arm-gnu-toolchain/bin/../lib/gcc/arm-none-eabi/6.3.1/thumb/v6-m\libgcc.a(_ctzsi2.o)
                              c:/program files (x86)/atmel/studio/7.0/toolchain/arm/arm-gnu-toolchain/bin/../lib/gcc/arm-none-eabi/6.3.1/thumb/v6-m\libgcc.a(_ffssi2.o) (__ctzsi2)
c:/program files (x86)/atmel/studio/7.0/toolchain/arm/arm-gnu-toolchain/bin/../lib/gcc/arm-none-eabi/6.3.1/thumb/v6-m\libgcc.a(eqdf2.o)
                              c:/program files (x86)/atmel/studio/7.0/toolchain/arm/arm-gnu-toolchain/bin/../lib/gcc/arm-none-eabi/6.3.1/thumb/v6-m\libgcc.a(_arm_cmpdf2.o) (__eqdf2)
[...]
Memory Configuration

Name             Origin             Length             Attributes
rom              0x00000000         0x00040000         xr
ram              0x20000000         0x00008000         xrw
*default*        0x00000000         0xffffffff

Linker script and memory map

LOAD c:/program files (x86)/atmel/studio/7.0/toolchain/arm/arm-gnu-toolchain/bin/../lib/gcc/arm-none-eabi/6.3.1/thumb/v6-m/crti.o
LOAD c:/program files (x86)/atmel/studio/7.0/toolchain/arm/arm-gnu-toolchain/bin/../lib/gcc/arm-none-eabi/6.3.1/thumb/v6-m/crtbegin.o
LOAD c:/program files (x86)/atmel/studio/7.0/toolchain/arm/arm-gnu-toolchain/bin/../lib/gcc/arm-none-eabi/6.3.1/../../../../arm-none-eabi/lib/thumb/v6-m/crt0.o
LOAD atmel_start.o
LOAD Device_Startup/startup_samd20.o
LOAD Device_Startup/system_samd20.o
LOAD driver_init.o
LOAD examples/driver_examples.o
LOAD examples/touch_example.o
LOAD hal/src/hal_ac_sync.o
LOAD hal/src/hal_adc_sync.o
LOAD hal/src/hal_atomic.o
LOAD hal/src/hal_dac_sync.o
LOAD hal/src/hal_delay.o
LOAD hal/src/hal_ext_irq.o
LOAD hal/src/hal_flash.o
LOAD hal/src/hal_gpio.o
LOAD hal/src/hal_init.o
LOAD hal/src/hal_io.o
LOAD hal/src/hal_pac.o
LOAD hal/src/hal_pwm.o
LOAD hal/src/hal_sleep.o
LOAD hal/src/hal_spi_m_sync.o
LOAD hal/src/hal_timer.o
LOAD hal/src/hal_usart_async.o
LOAD hal/utils/src/utils_assert.o
LOAD hal/utils/src/utils_event.o
LOAD hal/utils/src/utils_list.o
LOAD hal/utils/src/utils_ringbuffer.o
LOAD hal/utils/src/utils_syscalls.o
LOAD hpl/ac/hpl_ac.o
LOAD hpl/adc/hpl_adc.o
LOAD hpl/core/hpl_core_m0plus_base.o
LOAD hpl/core/hpl_init.o
LOAD hpl/dac/hpl_dac.o
LOAD hpl/eic/hpl_eic.o
LOAD hpl/gclk/hpl_gclk.o
LOAD hpl/nvmctrl/hpl_nvmctrl.o
LOAD hpl/pac/hpl_pac.o
LOAD hpl/pm/hpl_pm.o
LOAD hpl/sercom/hpl_sercom.o
LOAD hpl/sysctrl/hpl_sysctrl.o
LOAD hpl/systick/hpl_systick.o
LOAD hpl/tc/hpl_tc.o
LOAD main.o
LOAD qtouch/touch.o
LOAD receiver_tasks.o
LOAD rtos_start.o
LOAD send_transmit.o
LOAD thirdparty/RTOS/freertos/FreeRTOSV10.0.0/rtos_port.o
LOAD thirdparty/RTOS/freertos/FreeRTOSV10.0.0/Source/croutine.o
LOAD thirdparty/RTOS/freertos/FreeRTOSV10.0.0/Source/event_groups.o
LOAD thirdparty/RTOS/freertos/FreeRTOSV10.0.0/Source/list.o
LOAD thirdparty/RTOS/freertos/FreeRTOSV10.0.0/Source/portable/GCC/ARM_CM0/port.o
LOAD thirdparty/RTOS/freertos/FreeRTOSV10.0.0/Source/portable/MemMang/heap_1.o
LOAD thirdparty/RTOS/freertos/FreeRTOSV10.0.0/Source/queue.o
LOAD thirdparty/RTOS/freertos/FreeRTOSV10.0.0/Source/stream_buffer.o
LOAD thirdparty/RTOS/freertos/FreeRTOSV10.0.0/Source/tasks.o
LOAD thirdparty/RTOS/freertos/FreeRTOSV10.0.0/Source/timers.o
START GROUP
LOAD c:/program files (x86)/atmel/studio/7.0/toolchain/arm/arm-gnu-toolchain/bin/../lib/gcc/arm-none-eabi/6.3.1/../../../../arm-none-eabi/lib/thumb/v6-m\libm.a
END GROUP
START GROUP
LOAD c:/program files (x86)/atmel/studio/7.0/toolchain/arm/arm-gnu-toolchain/bin/../lib/gcc/arm-none-eabi/6.3.1/thumb/v6-m\libgcc.a
LOAD c:/program files (x86)/atmel/studio/7.0/toolchain/arm/arm-gnu-toolchain/bin/../lib/gcc/arm-none-eabi/6.3.1/../../../../arm-none-eabi/lib/thumb/v6-m\libc_nano.a
END GROUP
START GROUP
LOAD c:/program files (x86)/atmel/studio/7.0/toolchain/arm/arm-gnu-toolchain/bin/../lib/gcc/arm-none-eabi/6.3.1/thumb/v6-m\libgcc.a
LOAD c:/program files (x86)/atmel/studio/7.0/toolchain/arm/arm-gnu-toolchain/bin/../lib/gcc/arm-none-eabi/6.3.1/../../../../arm-none-eabi/lib/thumb/v6-m\libc_nano.a
END GROUP
LOAD c:/program files (x86)/atmel/studio/7.0/toolchain/arm/arm-gnu-toolchain/bin/../lib/gcc/arm-none-eabi/6.3.1/thumb/v6-m/crtend.o
LOAD c:/program files (x86)/atmel/studio/7.0/toolchain/arm/arm-gnu-toolchain/bin/../lib/gcc/arm-none-eabi/6.3.1/thumb/v6-m/crtn.o
                0x00002000                STACK_SIZE = DEFINED (STACK_SIZE)?STACK_SIZE:DEFINED (__stack_size__)?__stack_size__:0x2000

.text           0x00000000     0x3788
                0x00000000                . = ALIGN (0x4)
                0x00000000                _sfixed = .
 *(.vectors .vectors.*)
 .vectors       0x00000000       0xa4 Device_Startup/startup_samd20.o
                0x00000000                exception_table
 *(.text .text.* .gnu.linkonce.t.*)
 .text          0x000000a4       0x60 c:/program files (x86)/atmel/studio/7.0/toolchain/arm/arm-gnu-toolchain/bin/../lib/gcc/arm-none-eabi/6.3.1/thumb/v6-m/crtbegin.o
 .text.atmel_start_init
                0x00000104       0x14 atmel_start.o
                0x00000104                atmel_start_init
 .text.Dummy_Handler
                0x00000118        0x2 Device_Startup/startup_samd20.o
                0x00000118                HardFault_Handler
                0x00000118                TC2_Handler
                0x00000118                AC_Handler
                0x00000118                TC7_Handler
                0x00000118                SERCOM1_Handler
                0x00000118                ADC_Handler
                0x00000118                NonMaskableInt_Handler
                0x00000118                SERCOM2_Handler
                0x00000118                RTC_Handler
                0x00000118                TC6_Handler
                0x00000118                WDT_Handler
                0x00000118                TC4_Handler
                0x00000118                TC3_Handler
                0x00000118                Dummy_Handler
                0x00000118                PM_Handler
                0x00000118                SERCOM5_Handler
                0x00000118                EVSYS_Handler
                0x00000118                SERCOM4_Handler
                0x00000118                SERCOM0_Handler
                0x00000118                DAC_Handler
                0x00000118                PTC_Handler
                0x00000118                TC5_Handler
                0x00000118                SYSCTRL_Handler
 *fill*         0x0000011a        0x2 
 .text.Reset_Handler
                0x0000011c       0x74 Device_Startup/startup_samd20.o
                0x0000011c                Reset_Handler
 .text.PTC_0_clock_init
                0x00000190       0x20 driver_init.o
 .text.TIMER_0_init
                0x000001b0       0x40 driver_init.o
 .text.ADC_0_CLOCK_init
                0x000001f0       0x20 driver_init.o
                0x000001f0                ADC_0_CLOCK_init
 .text.ADC_0_init
                0x00000210       0x24 driver_init.o
                0x00000210                ADC_0_init
 .text.EXTERNAL_IRQ_0_init
                0x00000234       0x1c driver_init.o
                0x00000234                EXTERNAL_IRQ_0_init
 .text.FLASH_0_CLOCK_init
                0x00000250       0x10 driver_init.o
                0x00000250                FLASH_0_CLOCK_init
 .text.FLASH_0_init
                0x00000260       0x20 driver_init.o
                0x00000260                FLASH_0_init
 .text.SPI_0_PORT_init
                0x00000280       0xbc driver_init.o
                0x00000280                SPI_0_PORT_init
 .text.SPI_0_CLOCK_init
                0x0000033c       0x20 driver_init.o
                0x0000033c                SPI_0_CLOCK_init
 .text.SPI_0_init
                0x0000035c       0x28 driver_init.o
                0x0000035c                SPI_0_init
 .text.SERIAL_CLOCK_init
                0x00000384       0x20 driver_init.o
                0x00000384                SERIAL_CLOCK_init
 .text.SERIAL_PORT_init
                0x000003a4       0x44 driver_init.o
                0x000003a4                SERIAL_PORT_init
 .text.SERIAL_init
                0x000003e8       0x38 driver_init.o
                0x000003e8                SERIAL_init
 .text.delay_driver_init
                0x00000420       0x14 driver_init.o
                0x00000420                delay_driver_init
 .text.PWM_0_CLOCK_init
                0x00000434       0x20 driver_init.o
                0x00000434                PWM_0_CLOCK_init
 .text.PWM_0_init
                0x00000454       0x2c driver_init.o
                0x00000454                PWM_0_init
 .text.AC_0_CLOCK_init
                0x00000480       0x28 driver_init.o
                0x00000480                AC_0_CLOCK_init
 .text.AC_0_init
                0x000004a8       0x20 driver_init.o
                0x000004a8                AC_0_init
 .text.DAC_0_CLOCK_init
                0x000004c8       0x20 driver_init.o
                0x000004c8                DAC_0_CLOCK_init
 .text.DAC_0_init
                0x000004e8       0x20 driver_init.o
                0x000004e8                DAC_0_init
 .text.system_init
                0x00000508       0x90 driver_init.o
                0x00000508                system_init
 .text.ac_sync_init
                0x00000598       0x38 hal/src/hal_ac_sync.o
                0x00000598                ac_sync_init
 .text.adc_sync_init
                0x000005d0       0x38 hal/src/hal_adc_sync.o
                0x000005d0                adc_sync_init
 .text.atomic_enter_critical
                0x00000608        0xe hal/src/hal_atomic.o
                0x00000608                atomic_enter_critical
 .text.atomic_leave_critical
                0x00000616        0xc hal/src/hal_atomic.o
                0x00000616                atomic_leave_critical
 *fill*         0x00000622        0x2 
 .text.dac_sync_init
                0x00000624       0x50 hal/src/hal_dac_sync.o
                0x00000624                dac_sync_init
 .text.delay_init
                0x00000674       0x14 hal/src/hal_delay.o
                0x00000674                delay_init
 .text.delay_ms
                0x00000688       0x20 hal/src/hal_delay.o
                0x00000688                delay_ms
 .text.process_ext_irq
                0x000006a8       0x44 hal/src/hal_ext_irq.o
 .text.ext_irq_init
                0x000006ec       0x34 hal/src/hal_ext_irq.o
                0x000006ec                ext_irq_init
 .text.flash_ready
                0x00000720        0xc hal/src/hal_flash.o
 .text.flash_error
                0x0000072c        0xc hal/src/hal_flash.o
 .text.flash_init
                0x00000738       0x4c hal/src/hal_flash.o
                0x00000738                flash_init
 .text.io_write
                0x00000784       0x38 hal/src/hal_io.o
                0x00000784                io_write
 .text.io_read  0x000007bc       0x38 hal/src/hal_io.o
                0x000007bc                io_read
 .text.pwm_period_expired
                0x000007f4        0xc hal/src/hal_pwm.o
 .text.pwm_detect_fault
                0x00000800        0xc hal/src/hal_pwm.o
 .text.pwm_init
                0x0000080c       0x48 hal/src/hal_pwm.o
                0x0000080c                pwm_init
 .text.spi_m_sync_init
                0x00000854       0x58 hal/src/hal_spi_m_sync.o
                0x00000854                spi_m_sync_init
 .text.spi_m_sync_transfer
                0x000008ac       0x48 hal/src/hal_spi_m_sync.o
                0x000008ac                spi_m_sync_transfer
 .text._spi_m_sync_io_write
                0x000008f4       0x3c hal/src/hal_spi_m_sync.o
 .text._spi_m_sync_io_read
                0x00000930       0x3c hal/src/hal_spi_m_sync.o
 .text.timer_add_timer_task
                0x0000096c       0x58 hal/src/hal_timer.o
 .text.timer_process_counted
                0x000009c4       0x64 hal/src/hal_timer.o
 .text.timer_init
                0x00000a28       0x44 hal/src/hal_timer.o
                0x00000a28                timer_init
 .text.usart_transmission_complete
                0x00000a6c       0x12 hal/src/hal_usart_async.o
 .text.usart_error
                0x00000a7e       0x12 hal/src/hal_usart_async.o
 .text.usart_fill_rx_buffer
                0x00000a90       0x1c hal/src/hal_usart_async.o
 .text.usart_async_write
                0x00000aac       0x68 hal/src/hal_usart_async.o
 .text.usart_process_byte_sent
                0x00000b14       0x44 hal/src/hal_usart_async.o
 .text.usart_async_read
                0x00000b58       0x80 hal/src/hal_usart_async.o
 .text.usart_async_init
                0x00000bd8       0x9c hal/src/hal_usart_async.o
                0x00000bd8                usart_async_init
 .text.usart_async_enable
                0x00000c74       0x2c hal/src/hal_usart_async.o
                0x00000c74                usart_async_enable
 .text.usart_async_register_callback
                0x00000ca0       0x78 hal/src/hal_usart_async.o
                0x00000ca0                usart_async_register_callback
 .text.assert   0x00000d18        0x8 hal/utils/src/utils_assert.o
                0x00000d18                assert
 .text.is_list_element
                0x00000d20       0x16 hal/utils/src/utils_list.o
                0x00000d20                is_list_element
 *fill*         0x00000d36        0x2 
 .text.list_insert_as_head
                0x00000d38       0x2c hal/utils/src/utils_list.o
                0x00000d38                list_insert_as_head
 .text.list_insert_after
                0x00000d64        0x8 hal/utils/src/utils_list.o
                0x00000d64                list_insert_after
 .text.list_remove_head
                0x00000d6c       0x12 hal/utils/src/utils_list.o
                0x00000d6c                list_remove_head
 *fill*         0x00000d7e        0x2 
 .text.ringbuffer_init
                0x00000d80       0x4c hal/utils/src/utils_ringbuffer.o
                0x00000d80                ringbuffer_init
 .text.ringbuffer_get
                0x00000dcc       0x4c hal/utils/src/utils_ringbuffer.o
                0x00000dcc                ringbuffer_get
 .text.ringbuffer_put
                0x00000e18       0x40 hal/utils/src/utils_ringbuffer.o
                0x00000e18                ringbuffer_put
 .text.ringbuffer_num
                0x00000e58       0x24 hal/utils/src/utils_ringbuffer.o
                0x00000e58                ringbuffer_num
 .text._get_ac_cfg
                0x00000e7c       0x2c hpl/ac/hpl_ac.o
 .text._ac_init
                0x00000ea8       0x94 hpl/ac/hpl_ac.o
 .text._ac_sync_init
                0x00000f3c       0x2c hpl/ac/hpl_ac.o
                0x00000f3c                _ac_sync_init
 .text._adc_get_hardware_index
                0x00000f68        0x4 hpl/adc/hpl_adc.o
 .text._adc_get_regs
                0x00000f6c       0x40 hpl/adc/hpl_adc.o
 .text._adc_init
                0x00000fac      0x108 hpl/adc/hpl_adc.o
 .text._adc_sync_init
                0x000010b4       0x38 hpl/adc/hpl_adc.o
                0x000010b4                _adc_sync_init
 .text._get_cycles_for_ms
                0x000010ec        0xc hpl/core/hpl_core_m0plus_base.o
                0x000010ec                _get_cycles_for_ms
 .text._init_chip
                0x000010f8       0x30 hpl/core/hpl_init.o
                0x000010f8                _init_chip
 .text._dac_init
                0x00001128       0x44 hpl/dac/hpl_dac.o
 .text._dac_sync_init
                0x0000116c       0x2c hpl/dac/hpl_dac.o
                0x0000116c                _dac_sync_init
 .text._ext_irq_init
                0x00001198       0x90 hpl/eic/hpl_eic.o
                0x00001198                _ext_irq_init
 .text.EIC_Handler
                0x00001228       0xa4 hpl/eic/hpl_eic.o
                0x00001228                EIC_Handler
 .text._gclk_init_generators_by_fref
                0x000012cc       0x20 hpl/gclk/hpl_gclk.o
                0x000012cc                _gclk_init_generators_by_fref
 .text._flash_init
                0x000012ec       0x60 hpl/nvmctrl/hpl_nvmctrl.o
                0x000012ec                _flash_init
 .text.NVMCTRL_Handler
                0x0000134c       0x30 hpl/nvmctrl/hpl_nvmctrl.o
                0x0000134c                NVMCTRL_Handler
 .text._pm_init
                0x0000137c       0x20 hpl/pm/hpl_pm.o
                0x0000137c                _pm_init
 .text._sercom_get_hardware_index
                0x0000139c       0x10 hpl/sercom/hpl_sercom.o
 .text._sercom_usart_interrupt_handler
                0x000013ac       0x50 hpl/sercom/hpl_sercom.o
 .text._sercom_get_irq_num
                0x000013fc       0x10 hpl/sercom/hpl_sercom.o
 .text._sercom_init_irq_param
                0x0000140c       0x18 hpl/sercom/hpl_sercom.o
 .text._get_sercom_index
                0x00001424       0x40 hpl/sercom/hpl_sercom.o
 .text._usart_init
                0x00001464       0x74 hpl/sercom/hpl_sercom.o
 .text._usart_async_init
                0x000014d8       0x8c hpl/sercom/hpl_sercom.o
                0x000014d8                _usart_async_init
 .text._usart_async_enable
                0x00001564       0x12 hpl/sercom/hpl_sercom.o
                0x00001564                _usart_async_enable
 .text._usart_async_write_byte
                0x00001576        0x8 hpl/sercom/hpl_sercom.o
                0x00001576                _usart_async_write_byte
 .text._usart_async_enable_byte_sent_irq
                0x0000157e        0x8 hpl/sercom/hpl_sercom.o
                0x0000157e                _usart_async_enable_byte_sent_irq
 .text._usart_async_enable_tx_done_irq
                0x00001586        0x8 hpl/sercom/hpl_sercom.o
                0x00001586                _usart_async_enable_tx_done_irq
 *fill*         0x0000158e        0x2 
 .text._usart_async_set_irq_state
                0x00001590       0x60 hpl/sercom/hpl_sercom.o
                0x00001590                _usart_async_set_irq_state
 .text.SERCOM3_Handler
                0x000015f0       0x14 hpl/sercom/hpl_sercom.o
                0x000015f0                SERCOM3_Handler
 .text._spi_m_sync_init
                0x00001604      0x1bc hpl/sercom/hpl_sercom.o
                0x00001604                _spi_m_sync_init
 .text._spi_m_sync_trans
                0x000017c0       0xe8 hpl/sercom/hpl_sercom.o
                0x000017c0                _spi_m_sync_trans
 .text._sysctrl_init_sources
                0x000018a8       0x4c hpl/sysctrl/hpl_sysctrl.o
                0x000018a8                _sysctrl_init_sources
 .text._sysctrl_init_referenced_generators
                0x000018f4       0x10 hpl/sysctrl/hpl_sysctrl.o
                0x000018f4                _sysctrl_init_referenced_generators
 .text._system_time_init
                0x00001904       0x14 hpl/systick/hpl_systick.o
                0x00001904                _system_time_init
 .text._delay_init
                0x00001918        0xc hpl/systick/hpl_systick.o
                0x00001918                _delay_init
 .text._delay_cycles
                0x00001924       0x40 hpl/systick/hpl_systick.o
                0x00001924                _delay_cycles
 .text.tc_interrupt_handler
                0x00001964       0x16 hpl/tc/hpl_tc.o
 .text.tc_pwm_interrupt_handler
                0x0000197a       0x2e hpl/tc/hpl_tc.o
 .text.tc_get_hardware_index
                0x000019a8       0x10 hpl/tc/hpl_tc.o
 .text._tc_init_irq_param
                0x000019b8       0x28 hpl/tc/hpl_tc.o
 .text.get_tc_index
                0x000019e0       0x48 hpl/tc/hpl_tc.o
 .text._timer_init
                0x00001a28      0x124 hpl/tc/hpl_tc.o
                0x00001a28                _timer_init
 .text._pwm_init
                0x00001b4c       0xf4 hpl/tc/hpl_tc.o
                0x00001b4c                _pwm_init
 .text._tc_get_timer
                0x00001c40        0x4 hpl/tc/hpl_tc.o
                0x00001c40                _tc_get_timer
 .text._tc_get_pwm
                0x00001c44        0x4 hpl/tc/hpl_tc.o
                0x00001c44                _tc_get_pwm
 .text.TC0_Handler
                0x00001c48       0x14 hpl/tc/hpl_tc.o
                0x00001c48                TC0_Handler
 .text.TC1_Handler
                0x00001c5c       0x14 hpl/tc/hpl_tc.o
                0x00001c5c                TC1_Handler
 .text.receiver
                0x00001c70       0x60 main.o
                0x00001c70                receiver
 .text.main     0x00001cd0       0x50 main.o
                0x00001cd0                main
 .text.touch_init
                0x00001d20        0x2 qtouch/touch.o
                0x00001d20                touch_init
 .text.serial_tx_cb
                0x00001d22        0x2 send_transmit.o
 .text.serial_rx_cb
                0x00001d24       0xf4 send_transmit.o
 .text.async_setup
                0x00001e18       0x34 send_transmit.o
                0x00001e18                async_setup
 .text.vListInitialise
                0x00001e4c       0x16 thirdparty/RTOS/freertos/FreeRTOSV10.0.0/Source/list.o
                0x00001e4c                vListInitialise
 .text.vListInitialiseItem
                0x00001e62        0x6 thirdparty/RTOS/freertos/FreeRTOSV10.0.0/Source/list.o
                0x00001e62                vListInitialiseItem
 .text.vListInsertEnd
                0x00001e68       0x18 thirdparty/RTOS/freertos/FreeRTOSV10.0.0/Source/list.o
                0x00001e68                vListInsertEnd
 .text.vListInsert
                0x00001e80       0x30 thirdparty/RTOS/freertos/FreeRTOSV10.0.0/Source/list.o
                0x00001e80                vListInsert
 .text.uxListRemove
                0x00001eb0       0x28 thirdparty/RTOS/freertos/FreeRTOSV10.0.0/Source/list.o
                0x00001eb0                uxListRemove
 .text.prvTaskExitError
                0x00001ed8       0x24 thirdparty/RTOS/freertos/FreeRTOSV10.0.0/Source/portable/GCC/ARM_CM0/port.o
 *fill*         0x00001efc        0x4 
 .text.vPortStartFirstTask
                0x00001f00       0x34 thirdparty/RTOS/freertos/FreeRTOSV10.0.0/Source/portable/GCC/ARM_CM0/port.o
 .text.prvSetupTimerInterrupt
                0x00001f34       0x28 thirdparty/RTOS/freertos/FreeRTOSV10.0.0/Source/portable/GCC/ARM_CM0/port.o
 .text.pxPortInitialiseStack
                0x00001f5c       0x20 thirdparty/RTOS/freertos/FreeRTOSV10.0.0/Source/portable/GCC/ARM_CM0/port.o
                0x00001f5c                pxPortInitialiseStack
 .text.SVCall_Handler
                0x00001f7c        0x2 thirdparty/RTOS/freertos/FreeRTOSV10.0.0/Source/portable/GCC/ARM_CM0/port.o
                0x00001f7c                SVCall_Handler
 *fill*         0x00001f7e        0x2 
 .text.xPortStartScheduler
                0x00001f80       0x4c thirdparty/RTOS/freertos/FreeRTOSV10.0.0/Source/portable/GCC/ARM_CM0/port.o
                0x00001f80                xPortStartScheduler
 .text.vPortYield
                0x00001fcc       0x18 thirdparty/RTOS/freertos/FreeRTOSV10.0.0/Source/portable/GCC/ARM_CM0/port.o
                0x00001fcc                vPortYield
 .text.vPortEnterCritical
                0x00001fe4       0x18 thirdparty/RTOS/freertos/FreeRTOSV10.0.0/Source/portable/GCC/ARM_CM0/port.o
                0x00001fe4                vPortEnterCritical
 .text.vPortExitCritical
                0x00001ffc       0x20 thirdparty/RTOS/freertos/FreeRTOSV10.0.0/Source/portable/GCC/ARM_CM0/port.o
                0x00001ffc                vPortExitCritical
 .text.ulSetInterruptMaskFromISR
                0x0000201c        0x8 thirdparty/RTOS/freertos/FreeRTOSV10.0.0/Source/portable/GCC/ARM_CM0/port.o
                0x0000201c                ulSetInterruptMaskFromISR
 .text.vClearInterruptMaskFromISR
                0x00002024        0x6 thirdparty/RTOS/freertos/FreeRTOSV10.0.0/Source/portable/GCC/ARM_CM0/port.o
                0x00002024                vClearInterruptMaskFromISR
 *fill*         0x0000202a        0x6 
 .text.PendSV_Handler
                0x00002030       0x44 thirdparty/RTOS/freertos/FreeRTOSV10.0.0/Source/portable/GCC/ARM_CM0/port.o
                0x00002030                PendSV_Handler
 .text.SysTick_Handler
                0x00002074       0x30 thirdparty/RTOS/freertos/FreeRTOSV10.0.0/Source/portable/GCC/ARM_CM0/port.o
                0x00002074                SysTick_Handler
 .text.pvPortMalloc
                0x000020a4       0x68 thirdparty/RTOS/freertos/FreeRTOSV10.0.0/Source/portable/MemMang/heap_1.o
                0x000020a4                pvPortMalloc
 .text.vPortFree
                0x0000210c        0xa thirdparty/RTOS/freertos/FreeRTOSV10.0.0/Source/portable/MemMang/heap_1.o
                0x0000210c                vPortFree
 *fill*         0x00002116        0x2 
 .text.prvIsQueueFull
                0x00002118       0x28 thirdparty/RTOS/freertos/FreeRTOSV10.0.0/Source/queue.o
 .text.prvIsQueueEmpty
                0x00002140       0x24 thirdparty/RTOS/freertos/FreeRTOSV10.0.0/Source/queue.o
 .text.prvCopyDataToQueue
                0x00002164       0x8c thirdparty/RTOS/freertos/FreeRTOSV10.0.0/Source/queue.o
 .text.prvNotifyQueueSetContainer
                0x000021f0       0x68 thirdparty/RTOS/freertos/FreeRTOSV10.0.0/Source/queue.o
 .text.prvCopyDataFromQueue
                0x00002258       0x28 thirdparty/RTOS/freertos/FreeRTOSV10.0.0/Source/queue.o
 .text.prvUnlockQueue
                0x00002280       0xa0 thirdparty/RTOS/freertos/FreeRTOSV10.0.0/Source/queue.o
 .text.xQueueGenericReset
                0x00002320       0x80 thirdparty/RTOS/freertos/FreeRTOSV10.0.0/Source/queue.o
                0x00002320                xQueueGenericReset
 .text.prvInitialiseNewQueue
                0x000023a0       0x2c thirdparty/RTOS/freertos/FreeRTOSV10.0.0/Source/queue.o
 .text.xQueueGenericCreate
                0x000023cc       0x48 thirdparty/RTOS/freertos/FreeRTOSV10.0.0/Source/queue.o
                0x000023cc                xQueueGenericCreate
 .text.xQueueGenericSend
                0x00002414      0x190 thirdparty/RTOS/freertos/FreeRTOSV10.0.0/Source/queue.o
                0x00002414                xQueueGenericSend
 .text.xQueueGenericSendFromISR
                0x000025a4       0xec thirdparty/RTOS/freertos/FreeRTOSV10.0.0/Source/queue.o
                0x000025a4                xQueueGenericSendFromISR
 .text.xQueueReceive
                0x00002690      0x15c thirdparty/RTOS/freertos/FreeRTOSV10.0.0/Source/queue.o
                0x00002690                xQueueReceive
 .text.vQueueWaitForMessageRestricted
                0x000027ec       0x60 thirdparty/RTOS/freertos/FreeRTOSV10.0.0/Source/queue.o
                0x000027ec                vQueueWaitForMessageRestricted
 .text.prvResetNextTaskUnblockTime
                0x0000284c       0x30 thirdparty/RTOS/freertos/FreeRTOSV10.0.0/Source/tasks.o
 .text.prvInitialiseNewTask
                0x0000287c       0xa8 thirdparty/RTOS/freertos/FreeRTOSV10.0.0/Source/tasks.o
 .text.prvIdleTask
                0x00002924       0x18 thirdparty/RTOS/freertos/FreeRTOSV10.0.0/Source/tasks.o
 .text.prvInitialiseTaskLists
                0x0000293c       0x5c thirdparty/RTOS/freertos/FreeRTOSV10.0.0/Source/tasks.o
 .text.prvAddNewTaskToReadyList
                0x00002998       0xa0 thirdparty/RTOS/freertos/FreeRTOSV10.0.0/Source/tasks.o
 .text.prvAddCurrentTaskToDelayedList
                0x00002a38       0x70 thirdparty/RTOS/freertos/FreeRTOSV10.0.0/Source/tasks.o
 .text.xTaskCreate
                0x00002aa8       0x70 thirdparty/RTOS/freertos/FreeRTOSV10.0.0/Source/tasks.o
                0x00002aa8                xTaskCreate
 .text.vTaskStartScheduler
                0x00002b18       0x68 thirdparty/RTOS/freertos/FreeRTOSV10.0.0/Source/tasks.o
                0x00002b18                vTaskStartScheduler
 .text.vTaskSuspendAll
                0x00002b80       0x10 thirdparty/RTOS/freertos/FreeRTOSV10.0.0/Source/tasks.o
                0x00002b80                vTaskSuspendAll
 .text.xTaskGetTickCount
                0x00002b90        0xc thirdparty/RTOS/freertos/FreeRTOSV10.0.0/Source/tasks.o
                0x00002b90                xTaskGetTickCount
 .text.xTaskIncrementTick
                0x00002b9c      0x108 thirdparty/RTOS/freertos/FreeRTOSV10.0.0/Source/tasks.o
                0x00002b9c                xTaskIncrementTick
 .text.xTaskResumeAll
                0x00002ca4       0xf0 thirdparty/RTOS/freertos/FreeRTOSV10.0.0/Source/tasks.o
                0x00002ca4                xTaskResumeAll
 .text.vTaskSwitchContext
                0x00002d94       0x80 thirdparty/RTOS/freertos/FreeRTOSV10.0.0/Source/tasks.o
                0x00002d94                vTaskSwitchContext
 .text.vTaskPlaceOnEventList
                0x00002e14       0x2c thirdparty/RTOS/freertos/FreeRTOSV10.0.0/Source/tasks.o
                0x00002e14                vTaskPlaceOnEventList
 .text.vTaskPlaceOnEventListRestricted
                0x00002e40       0x38 thirdparty/RTOS/freertos/FreeRTOSV10.0.0/Source/tasks.o
                0x00002e40                vTaskPlaceOnEventListRestricted
 .text.xTaskRemoveFromEventList
                0x00002e78       0x80 thirdparty/RTOS/freertos/FreeRTOSV10.0.0/Source/tasks.o
                0x00002e78                xTaskRemoveFromEventList
 .text.vTaskInternalSetTimeOutState
                0x00002ef8       0x10 thirdparty/RTOS/freertos/FreeRTOSV10.0.0/Source/tasks.o
                0x00002ef8                vTaskInternalSetTimeOutState
 .text.xTaskCheckForTimeOut
                0x00002f08       0x70 thirdparty/RTOS/freertos/FreeRTOSV10.0.0/Source/tasks.o
                0x00002f08                xTaskCheckForTimeOut
 .text.vTaskMissedYield
                0x00002f78        0xc thirdparty/RTOS/freertos/FreeRTOSV10.0.0/Source/tasks.o
                0x00002f78                vTaskMissedYield
 .text.xTaskGetSchedulerState
                0x00002f84       0x20 thirdparty/RTOS/freertos/FreeRTOSV10.0.0/Source/tasks.o
                0x00002f84                xTaskGetSchedulerState
 .text.xTaskPriorityDisinherit
                0x00002fa4       0x7c thirdparty/RTOS/freertos/FreeRTOSV10.0.0/Source/tasks.o
                0x00002fa4                xTaskPriorityDisinherit
 .text.prvGetNextExpireTime
                0x00003020       0x20 thirdparty/RTOS/freertos/FreeRTOSV10.0.0/Source/timers.o
 .text.prvInsertTimerInActiveList
                0x00003040       0x48 thirdparty/RTOS/freertos/FreeRTOSV10.0.0/Source/timers.o
 .text.prvCheckForValidListAndQueue
                0x00003088       0x50 thirdparty/RTOS/freertos/FreeRTOSV10.0.0/Source/timers.o
 .text.xTimerCreateTimerTask
                0x000030d8       0x4c thirdparty/RTOS/freertos/FreeRTOSV10.0.0/Source/timers.o
                0x000030d8                xTimerCreateTimerTask
 .text.xTimerGenericCommand
                0x00003124       0x6c thirdparty/RTOS/freertos/FreeRTOSV10.0.0/Source/timers.o
                0x00003124                xTimerGenericCommand
 .text.prvSwitchTimerLists
                0x00003190       0x74 thirdparty/RTOS/freertos/FreeRTOSV10.0.0/Source/timers.o
 .text.prvSampleTimeNow
                0x00003204       0x34 thirdparty/RTOS/freertos/FreeRTOSV10.0.0/Source/timers.o
 .text.prvProcessExpiredTimer
                0x00003238       0x60 thirdparty/RTOS/freertos/FreeRTOSV10.0.0/Source/timers.o
 .text.prvProcessTimerOrBlockTask
                0x00003298       0x80 thirdparty/RTOS/freertos/FreeRTOSV10.0.0/Source/timers.o
 .text.prvProcessReceivedCommands
                0x00003318       0xc4 thirdparty/RTOS/freertos/FreeRTOSV10.0.0/Source/timers.o
 .text.prvTimerTask
                0x000033dc       0x24 thirdparty/RTOS/freertos/FreeRTOSV10.0.0/Source/timers.o
 .text          0x00003400       0x14 c:/program files (x86)/atmel/studio/7.0/toolchain/arm/arm-gnu-toolchain/bin/../lib/gcc/arm-none-eabi/6.3.1/thumb/v6-m\libgcc.a(_ffssi2.o)
                0x00003400                __ffssi2
 .text          0x00003414       0x40 c:/program files (x86)/atmel/studio/7.0/toolchain/arm/arm-gnu-toolchain/bin/../lib/gcc/arm-none-eabi/6.3.1/thumb/v6-m\libgcc.a(_ctzsi2.o)
                0x00003414                __ctzsi2
 .text.__libc_init_array
                0x00003454       0x48 c:/program files (x86)/atmel/studio/7.0/toolchain/arm/arm-gnu-toolchain/bin/../lib/gcc/arm-none-eabi/6.3.1/../../../../arm-none-eabi/lib/thumb/v6-m\libc_nano.a(lib_a-init.o)
                0x00003454                __libc_init_array
 .text.memcpy   0x0000349c       0x12 c:/program files (x86)/atmel/studio/7.0/toolchain/arm/arm-gnu-toolchain/bin/../lib/gcc/arm-none-eabi/6.3.1/../../../../arm-none-eabi/lib/thumb/v6-m\libc_nano.a(lib_a-memcpy-stub.o)
                0x0000349c                memcpy
 .text.memset   0x000034ae       0x10 c:/program files (x86)/atmel/studio/7.0/toolchain/arm/arm-gnu-toolchain/bin/../lib/gcc/arm-none-eabi/6.3.1/../../../../arm-none-eabi/lib/thumb/v6-m\libc_nano.a(lib_a-memset.o)
                0x000034ae                memset
 *(.glue_7t)
 .glue_7t       0x000034be        0x0 linker stubs
 *(.glue_7)
 .glue_7        0x000034be        0x0 linker stubs
 *(.rodata .rodata* .gnu.linkonce.r.*)
 *fill*         0x000034be        0x2 
 .rodata.str1.4
                0x000034c0       0x19 hal/src/hal_ac_sync.o
 *fill*         0x000034d9        0x3 
 .rodata.str1.4
                0x000034dc       0x1a hal/src/hal_adc_sync.o
 *fill*         0x000034f6        0x2 
 .rodata.str1.4
                0x000034f8       0x1a hal/src/hal_dac_sync.o
 *fill*         0x00003512        0x2 
 .rodata.str1.4
                0x00003514       0x17 hal/src/hal_flash.o
 *fill*         0x0000352b        0x1 
 .rodata.str1.4
                0x0000352c       0x14 hal/src/hal_io.o
 .rodata.str1.4
                0x00003540       0x15 hal/src/hal_pwm.o
 *fill*         0x00003555        0x3 
 .rodata.str1.4
                0x00003558       0x1c hal/src/hal_spi_m_sync.o
 .rodata.str1.4
                0x00003574       0x17 hal/src/hal_timer.o
 *fill*         0x0000358b        0x1 
 .rodata.str1.4
                0x0000358c       0x1d hal/src/hal_usart_async.o
 *fill*         0x000035a9        0x3 
 .rodata.str1.4
                0x000035ac       0x1e hal/utils/src/utils_list.o
 *fill*         0x000035ca        0x2 
 .rodata.str1.4
                0x000035cc       0x24 hal/utils/src/utils_ringbuffer.o
 .rodata        0x000035f0       0x14 hpl/ac/hpl_ac.o
 .rodata.str1.4
                0x00003604       0x13 hpl/ac/hpl_ac.o
 *fill*         0x00003617        0x1 
 .rodata        0x00003618       0x1c hpl/adc/hpl_adc.o
 .rodata.str1.4
                0x00003634       0x15 hpl/adc/hpl_adc.o
 *fill*         0x00003649        0x3 
 .rodata.str1.4
                0x0000364c       0x15 hpl/dac/hpl_dac.o
 *fill*         0x00003661        0x3 
 .rodata        0x00003664        0x8 hpl/eic/hpl_eic.o
 .rodata.str1.4
                0x0000366c       0x15 hpl/eic/hpl_eic.o
 *fill*         0x00003681        0x3 
 .rodata.str1.4
                0x00003684       0x1d hpl/nvmctrl/hpl_nvmctrl.o
 *fill*         0x000036a1        0x3 
 .rodata        0x000036a4       0x48 hpl/sercom/hpl_sercom.o
 .rodata.str1.4
                0x000036ec       0x1b hpl/sercom/hpl_sercom.o
 *fill*         0x00003707        0x1 
 .rodata.str1.4
                0x00003708       0x13 hpl/tc/hpl_tc.o
 *fill*         0x0000371b        0x1 
 .rodata.str1.4
                0x0000371c        0x4 main.o
 .rodata.str1.4
                0x00003720       0x17 thirdparty/RTOS/freertos/FreeRTOSV10.0.0/Source/tasks.o
 *fill*         0x00003737        0x1 
 .rodata        0x00003738       0x28 thirdparty/RTOS/freertos/FreeRTOSV10.0.0/Source/timers.o
 .rodata.str1.4
                0x00003760        0x8 thirdparty/RTOS/freertos/FreeRTOSV10.0.0/Source/timers.o
 *(.ARM.extab* .gnu.linkonce.armextab.*)
                0x00003768                . = ALIGN (0x4)
 *(.init)
 .init          0x00003768        0x4 c:/program files (x86)/atmel/studio/7.0/toolchain/arm/arm-gnu-toolchain/bin/../lib/gcc/arm-none-eabi/6.3.1/thumb/v6-m/crti.o
                0x00003768                _init
 .init          0x0000376c        0x8 c:/program files (x86)/atmel/studio/7.0/toolchain/arm/arm-gnu-toolchain/bin/../lib/gcc/arm-none-eabi/6.3.1/thumb/v6-m/crtn.o
                0x00003774                . = ALIGN (0x4)
                0x00003774                __preinit_array_start = .
 *(.preinit_array)
                0x00003774                __preinit_array_end = .
                0x00003774                . = ALIGN (0x4)
                0x00003774                __init_array_start = .
 *(SORT(.init_array.*))
 *(.init_array)
 .init_array    0x00003774        0x4 c:/program files (x86)/atmel/studio/7.0/toolchain/arm/arm-gnu-toolchain/bin/../lib/gcc/arm-none-eabi/6.3.1/thumb/v6-m/crtbegin.o
                0x00003778                __init_array_end = .
                0x00003778                . = ALIGN (0x4)
 *crtbegin.o(.ctors)
 *(EXCLUDE_FILE(*crtend.o) .ctors)
 *(SORT(.ctors.*))
 *crtend.o(.ctors)
                0x00003778                . = ALIGN (0x4)
 *(.fini)
 .fini          0x00003778        0x4 c:/program files (x86)/atmel/studio/7.0/toolchain/arm/arm-gnu-toolchain/bin/../lib/gcc/arm-none-eabi/6.3.1/thumb/v6-m/crti.o
                0x00003778                _fini
 .fini          0x0000377c        0x8 c:/program files (x86)/atmel/studio/7.0/toolchain/arm/arm-gnu-toolchain/bin/../lib/gcc/arm-none-eabi/6.3.1/thumb/v6-m/crtn.o
                0x00003784                . = ALIGN (0x4)
                0x00003784                __fini_array_start = .
 *(.fini_array)
 .fini_array    0x00003784        0x4 c:/program files (x86)/atmel/studio/7.0/toolchain/arm/arm-gnu-toolchain/bin/../lib/gcc/arm-none-eabi/6.3.1/thumb/v6-m/crtbegin.o
 *(SORT(.fini_array.*))
                0x00003788                __fini_array_end = .
 *crtbegin.o(.dtors)
 *(EXCLUDE_FILE(*crtend.o) .dtors)
 *(SORT(.dtors.*))
 *crtend.o(.dtors)
                0x00003788                . = ALIGN (0x4)
                0x00003788                _efixed = .
                [!provide]                PROVIDE (__exidx_start, .)

.vfp11_veneer   0x00003788        0x0
 .vfp11_veneer  0x00003788        0x0 linker stubs

.v4_bx          0x00003788        0x0
 .v4_bx         0x00003788        0x0 linker stubs

.iplt           0x00003788        0x0
 .iplt          0x00003788        0x0 c:/program files (x86)/atmel/studio/7.0/toolchain/arm/arm-gnu-toolchain/bin/../lib/gcc/arm-none-eabi/6.3.1/thumb/v6-m/crtbegin.o

.eh_frame       0x00003788        0x0
 .eh_frame      0x00003788        0x0 c:/program files (x86)/atmel/studio/7.0/toolchain/arm/arm-gnu-toolchain/bin/../lib/gcc/arm-none-eabi/6.3.1/thumb/v6-m/crtbegin.o

.rel.dyn        0x00003788        0x0
 .rel.iplt      0x00003788        0x0 c:/program files (x86)/atmel/studio/7.0/toolchain/arm/arm-gnu-toolchain/bin/../lib/gcc/arm-none-eabi/6.3.1/thumb/v6-m/crtbegin.o

.jcr            0x00003788        0x0
 .jcr           0x00003788        0x0 c:/program files (x86)/atmel/studio/7.0/toolchain/arm/arm-gnu-toolchain/bin/../lib/gcc/arm-none-eabi/6.3.1/thumb/v6-m/crtbegin.o

.igot.plt       0x00003788        0x0
 .igot.plt      0x00003788        0x0 c:/program files (x86)/atmel/studio/7.0/toolchain/arm/arm-gnu-toolchain/bin/../lib/gcc/arm-none-eabi/6.3.1/thumb/v6-m/crtbegin.o

.ARM.exidx
 *(.ARM.exidx* .gnu.linkonce.armexidx.*)
                [!provide]                PROVIDE (__exidx_end, .)
                0x00003788                . = ALIGN (0x4)
                0x00003788                _etext = .

.relocate       0x20000000      0x108 load address 0x00003788
                0x20000000                . = ALIGN (0x4)
                0x20000000                _srelocate = .
 *(.ramfunc .ramfunc.*)
 *(.data .data.*)
 .data          0x20000000       0x28 hpl/tc/hpl_tc.o
 .data          0x20000028       0xdc send_transmit.o
                0x20000028                tx_buffer
 .data          0x20000104        0x4 thirdparty/RTOS/freertos/FreeRTOSV10.0.0/Source/portable/GCC/ARM_CM0/port.o
                0x20000108                . = ALIGN (0x4)
                0x20000108                _erelocate = .

.bss            0x20000108     0x28a4 load address 0x00003890
                0x20000108                . = ALIGN (0x4)
                0x20000108                _sbss = .
                0x20000108                _szero = .
 *(.bss .bss.*)
 .bss           0x20000108       0x1c c:/program files (x86)/atmel/studio/7.0/toolchain/arm/arm-gnu-toolchain/bin/../lib/gcc/arm-none-eabi/6.3.1/thumb/v6-m/crtbegin.o
 .bss           0x20000124       0x10 driver_init.o
 .bss           0x20000134        0x4 hal/src/hal_delay.o
 .bss           0x20000138        0x8 hal/src/hal_ext_irq.o
 .bss           0x20000140        0x4 hpl/eic/hpl_eic.o
 .bss           0x20000144        0x4 hpl/nvmctrl/hpl_nvmctrl.o
 .bss           0x20000148        0x4 hpl/sercom/hpl_sercom.o
 .bss           0x2000014c        0x8 hpl/tc/hpl_tc.o
 .bss           0x20000154       0xce send_transmit.o
                0x20000154                serial_receiving
                0x20000155                byteCount
                0x20000158                rx_buffer
                0x20000220                totalBytes
                0x20000221                serial_complete
 *fill*         0x20000222        0x2 
 .bss           0x20000224     0x2588 thirdparty/RTOS/freertos/FreeRTOSV10.0.0/Source/portable/MemMang/heap_1.o
 .bss           0x200027ac       0xec thirdparty/RTOS/freertos/FreeRTOSV10.0.0/Source/tasks.o
                0x20002870                pxCurrentTCB
 .bss           0x20002898       0x3c thirdparty/RTOS/freertos/FreeRTOSV10.0.0/Source/timers.o
 *(COMMON)
 COMMON         0x200028d4       0xd0 driver_init.o
                0x200028d4                SERIAL
                0x20002924                PWM_0
                0x20002940                FLASH_0
                0x2000295c                AC_0
                0x20002960                ADC_0
                0x20002964                DAC_0
                0x20002970                SPI_0
                0x20002988                TIMER_0
 COMMON         0x200029a4        0x8 send_transmit.o
                0x200029a4                Qbuffer
                0x200029ac                . = ALIGN (0x4)
                0x200029ac                _ebss = .
                0x200029ac                _ezero = .

.stack          0x200029ac     0x2004 load address 0x00006134
                0x200029b0                . = ALIGN (0x8)
 *fill*         0x200029ac        0x4 
                0x200029b0                _sstack = .
                0x200049b0                . = (. + STACK_SIZE)
 *fill*         0x200029b0     0x2000 
                0x200049b0                . = ALIGN (0x8)
                0x200049b0                _estack = .
                0x200049b0                . = ALIGN (0x4)
                0x200049b0                _end = .
OUTPUT(OP3SAT(1).elf elf32-littlearm)

.ARM.attributes
                0x00000000       0x28
 .ARM.attributes
                0x00000000       0x1e c:/program files (x86)/atmel/studio/7.0/toolchain/arm/arm-gnu-toolchain/bin/../lib/gcc/arm-none-eabi/6.3.1/thumb/v6-m/crti.o
 .ARM.attributes
                0x0000001e       0x2c c:/program files (x86)/atmel/studio/7.0/toolchain/arm/arm-gnu-toolchain/bin/../lib/gcc/arm-none-eabi/6.3.1/thumb/v6-m/crtbegin.o
 .ARM.attributes
                0x0000004a       0x32 atmel_start.o
 .ARM.attributes
                0x0000007c       0x32 Device_Startup/startup_samd20.o
 .ARM.attributes
                0x000000ae       0x32 driver_init.o
 .ARM.attributes
                0x000000e0       0x32 hal/src/hal_ac_sync.o
 .ARM.attributes
                0x00000112       0x32 hal/src/hal_adc_sync.o
 .ARM.attributes
                0x00000144       0x32 hal/src/hal_atomic.o
 .ARM.attributes
                0x00000176       0x32 hal/src/hal_dac_sync.o
 .ARM.attributes
                0x000001a8       0x32 hal/src/hal_delay.o
 .ARM.attributes
                0x000001da       0x32 hal/src/hal_ext_irq.o
 .ARM.attributes
                0x0000020c       0x32 hal/src/hal_flash.o
 .ARM.attributes
                0x0000023e       0x32 hal/src/hal_io.o
 .ARM.attributes
                0x00000270       0x32 hal/src/hal_pwm.o
 .ARM.attributes
                0x000002a2       0x32 hal/src/hal_spi_m_sync.o
 .ARM.attributes
                0x000002d4       0x32 hal/src/hal_timer.o
 .ARM.attributes
                0x00000306       0x32 hal/src/hal_usart_async.o
 .ARM.attributes
                0x00000338       0x32 hal/utils/src/utils_assert.o
 .ARM.attributes
                0x0000036a       0x32 hal/utils/src/utils_list.o
 .ARM.attributes
                0x0000039c       0x32 hal/utils/src/utils_ringbuffer.o
 .ARM.attributes
                0x000003ce       0x32 hpl/ac/hpl_ac.o
 .ARM.attributes
                0x00000400       0x32 hpl/adc/hpl_adc.o
 .ARM.attributes
                0x00000432       0x32 hpl/core/hpl_core_m0plus_base.o
 .ARM.attributes
                0x00000464       0x32 hpl/core/hpl_init.o
 .ARM.attributes
                0x00000496       0x32 hpl/dac/hpl_dac.o
 .ARM.attributes
                0x000004c8       0x32 hpl/eic/hpl_eic.o
 .ARM.attributes
                0x000004fa       0x32 hpl/gclk/hpl_gclk.o
 .ARM.attributes
                0x0000052c       0x32 hpl/nvmctrl/hpl_nvmctrl.o
 .ARM.attributes
                0x0000055e       0x32 hpl/pm/hpl_pm.o
 .ARM.attributes
                0x00000590       0x32 hpl/sercom/hpl_sercom.o
 .ARM.attributes
                0x000005c2       0x32 hpl/sysctrl/hpl_sysctrl.o
 .ARM.attributes
                0x000005f4       0x32 hpl/systick/hpl_systick.o
 .ARM.attributes
                0x00000626       0x32 hpl/tc/hpl_tc.o
 .ARM.attributes
                0x00000658       0x32 main.o
 .ARM.attributes
                0x0000068a       0x32 qtouch/touch.o
 .ARM.attributes
                0x000006bc       0x32 send_transmit.o
 .ARM.attributes
                0x000006ee       0x32 thirdparty/RTOS/freertos/FreeRTOSV10.0.0/Source/list.o
 .ARM.attributes
                0x00000720       0x32 thirdparty/RTOS/freertos/FreeRTOSV10.0.0/Source/portable/GCC/ARM_CM0/port.o
 .ARM.attributes
                0x00000752       0x32 thirdparty/RTOS/freertos/FreeRTOSV10.0.0/Source/portable/MemMang/heap_1.o
 .ARM.attributes
                0x00000784       0x32 thirdparty/RTOS/freertos/FreeRTOSV10.0.0/Source/queue.o
 .ARM.attributes
                0x000007b6       0x32 thirdparty/RTOS/freertos/FreeRTOSV10.0.0/Source/tasks.o
 .ARM.attributes
                0x000007e8       0x32 thirdparty/RTOS/freertos/FreeRTOSV10.0.0/Source/timers.o
 .ARM.attributes
                0x0000081a       0x2c c:/program files (x86)/atmel/studio/7.0/toolchain/arm/arm-gnu-toolchain/bin/../lib/gcc/arm-none-eabi/6.3.1/thumb/v6-m\libgcc.a(_ffssi2.o)
 .ARM.attributes
                0x00000846       0x1e c:/program files (x86)/atmel/studio/7.0/toolchain/arm/arm-gnu-toolchain/bin/../lib/gcc/arm-none-eabi/6.3.1/thumb/v6-m\libgcc.a(_ctzsi2.o)
 .ARM.attributes
                0x00000864       0x2c c:/program files (x86)/atmel/studio/7.0/toolchain/arm/arm-gnu-toolchain/bin/../lib/gcc/arm-none-eabi/6.3.1/../../../../arm-none-eabi/lib/thumb/v6-m\libc_nano.a(lib_a-init.o)
 .ARM.attributes
                0x00000890       0x2c c:/program files (x86)/atmel/studio/7.0/toolchain/arm/arm-gnu-toolchain/bin/../lib/gcc/arm-none-eabi/6.3.1/../../../../arm-none-eabi/lib/thumb/v6-m\libc_nano.a(lib_a-memcpy-stub.o)
 .ARM.attributes
                0x000008bc       0x2c c:/program files (x86)/atmel/studio/7.0/toolchain/arm/arm-gnu-toolchain/bin/../lib/gcc/arm-none-eabi/6.3.1/../../../../arm-none-eabi/lib/thumb/v6-m\libc_nano.a(lib_a-memset.o)
 .ARM.attributes
                0x000008e8       0x1e c:/program files (x86)/atmel/studio/7.0/toolchain/arm/arm-gnu-toolchain/bin/../lib/gcc/arm-none-eabi/6.3.1/thumb/v6-m/crtn.o

.comment        0x00000000       0x59
 .comment       0x00000000       0x59 atmel_start.o
                                 0x5a (size before relaxing)
 .comment       0x00000059       0x5a Device_Startup/startup_samd20.o
 .comment       0x00000059       0x5a driver_init.o
 .comment       0x00000059       0x5a hal/src/hal_ac_sync.o
 .comment       0x00000059       0x5a hal/src/hal_adc_sync.o
 .comment       0x00000059       0x5a hal/src/hal_atomic.o
 .comment       0x00000059       0x5a hal/src/hal_dac_sync.o
 .comment       0x00000059       0x5a hal/src/hal_delay.o
 .comment       0x00000059       0x5a hal/src/hal_ext_irq.o
 .comment       0x00000059       0x5a hal/src/hal_flash.o
 .comment       0x00000059       0x5a hal/src/hal_io.o
 .comment       0x00000059       0x5a hal/src/hal_pwm.o
 .comment       0x00000059       0x5a hal/src/hal_spi_m_sync.o
 .comment       0x00000059       0x5a hal/src/hal_timer.o
 .comment       0x00000059       0x5a hal/src/hal_usart_async.o
 .comment       0x00000059       0x5a hal/utils/src/utils_assert.o
 .comment       0x00000059       0x5a hal/utils/src/utils_list.o
 .comment       0x00000059       0x5a hal/utils/src/utils_ringbuffer.o
 .comment       0x00000059       0x5a hpl/ac/hpl_ac.o
 .comment       0x00000059       0x5a hpl/adc/hpl_adc.o
 .comment       0x00000059       0x5a hpl/core/hpl_core_m0plus_base.o
 .comment       0x00000059       0x5a hpl/core/hpl_init.o
 .comment       0x00000059       0x5a hpl/dac/hpl_dac.o
 .comment       0x00000059       0x5a hpl/eic/hpl_eic.o
 .comment       0x00000059       0x5a hpl/gclk/hpl_gclk.o
 .comment       0x00000059       0x5a hpl/nvmctrl/hpl_nvmctrl.o
 .comment       0x00000059       0x5a hpl/pm/hpl_pm.o
 .comment       0x00000059       0x5a hpl/sercom/hpl_sercom.o
 .comment       0x00000059       0x5a hpl/sysctrl/hpl_sysctrl.o
 .comment       0x00000059       0x5a hpl/systick/hpl_systick.o
 .comment       0x00000059       0x5a hpl/tc/hpl_tc.o
 .comment       0x00000059       0x5a main.o
 .comment       0x00000059       0x5a qtouch/touch.o
 .comment       0x00000059       0x5a send_transmit.o
 .comment       0x00000059       0x5a thirdparty/RTOS/freertos/FreeRTOSV10.0.0/Source/list.o
 .comment       0x00000059       0x5a thirdparty/RTOS/freertos/FreeRTOSV10.0.0/Source/portable/GCC/ARM_CM0/port.o
 .comment       0x00000059       0x5a thirdparty/RTOS/freertos/FreeRTOSV10.0.0/Source/portable/MemMang/heap_1.o
 .comment       0x00000059       0x5a thirdparty/RTOS/freertos/FreeRTOSV10.0.0/Source/queue.o
 .comment       0x00000059       0x5a thirdparty/RTOS/freertos/FreeRTOSV10.0.0/Source/tasks.o
 .comment       0x00000059       0x5a thirdparty/RTOS/freertos/FreeRTOSV10.0.0/Source/timers.o

.debug_info     0x00000000    0x35195
 .debug_info    0x00000000      0x8ae atmel_start.o
 .debug_info    0x000008ae      0x9c8 Device_Startup/startup_samd20.o
 .debug_info    0x00001276     0x7d6d driver_init.o
 .debug_info    0x00008fe3      0x497 hal/src/hal_ac_sync.o
 .debug_info    0x0000947a      0xb29 hal/src/hal_adc_sync.o
 .debug_info    0x00009fa3      0x1d1 hal/src/hal_atomic.o
 .debug_info    0x0000a174      0x461 hal/src/hal_dac_sync.o
 .debug_info    0x0000a5d5      0x1dc hal/src/hal_delay.o
 .debug_info    0x0000a7b1      0x379 hal/src/hal_ext_irq.o
 .debug_info    0x0000ab2a      0xc20 hal/src/hal_flash.o
 .debug_info    0x0000b74a      0x2b2 hal/src/hal_io.o
 .debug_info    0x0000b9fc      0x7ad hal/src/hal_pwm.o
 .debug_info    0x0000c1a9      0x9c9 hal/src/hal_spi_m_sync.o
 .debug_info    0x0000cb72      0xb91 hal/src/hal_timer.o
 .debug_info    0x0000d703     0x129e hal/src/hal_usart_async.o
 .debug_info    0x0000e9a1      0x107 hal/utils/src/utils_assert.o
 .debug_info    0x0000eaa8      0x314 hal/utils/src/utils_list.o
 .debug_info    0x0000edbc      0x2f1 hal/utils/src/utils_ringbuffer.o
 .debug_info    0x0000f0ad     0x1c85 hpl/ac/hpl_ac.o
 .debug_info    0x00010d32     0x3826 hpl/adc/hpl_adc.o
 .debug_info    0x00014558      0x7fb hpl/core/hpl_core_m0plus_base.o
 .debug_info    0x00014d53      0x677 hpl/core/hpl_init.o
 .debug_info    0x000153ca     0x13d1 hpl/dac/hpl_dac.o
 .debug_info    0x0001679b     0x1f9a hpl/eic/hpl_eic.o
 .debug_info    0x00018735      0x4e1 hpl/gclk/hpl_gclk.o
 .debug_info    0x00018c16     0x2900 hpl/nvmctrl/hpl_nvmctrl.o
 .debug_info    0x0001b516      0xbfe hpl/pm/hpl_pm.o
 .debug_info    0x0001c114     0x9f35 hpl/sercom/hpl_sercom.o
 .debug_info    0x00026049     0x10e3 hpl/sysctrl/hpl_sysctrl.o
 .debug_info    0x0002712c      0x25e hpl/systick/hpl_systick.o
 .debug_info    0x0002738a     0x2b6e hpl/tc/hpl_tc.o
 .debug_info    0x00029ef8     0x1ca8 main.o
 .debug_info    0x0002bba0      0x869 qtouch/touch.o
 .debug_info    0x0002c409      0xb92 send_transmit.o
 .debug_info    0x0002cf9b      0xbd8 thirdparty/RTOS/freertos/FreeRTOSV10.0.0/Source/list.o
 .debug_info    0x0002db73      0x308 thirdparty/RTOS/freertos/FreeRTOSV10.0.0/Source/portable/GCC/ARM_CM0/port.o
 .debug_info    0x0002de7b      0xaca thirdparty/RTOS/freertos/FreeRTOSV10.0.0/Source/portable/MemMang/heap_1.o
 .debug_info    0x0002e945     0x2580 thirdparty/RTOS/freertos/FreeRTOSV10.0.0/Source/queue.o
 .debug_info    0x00030ec5     0x2a84 thirdparty/RTOS/freertos/FreeRTOSV10.0.0/Source/tasks.o
 .debug_info    0x00033949     0x184c thirdparty/RTOS/freertos/FreeRTOSV10.0.0/Source/timers.o

.debug_abbrev   0x00000000     0x5f64
 .debug_abbrev  0x00000000      0x11d atmel_start.o
 .debug_abbrev  0x0000011d      0x1d7 Device_Startup/startup_samd20.o
 .debug_abbrev  0x000002f4      0x3e8 driver_init.o
 .debug_abbrev  0x000006dc      0x11b hal/src/hal_ac_sync.o
 .debug_abbrev  0x000007f7      0x168 hal/src/hal_adc_sync.o
 .debug_abbrev  0x0000095f      0x144 hal/src/hal_atomic.o
 .debug_abbrev  0x00000aa3      0x13c hal/src/hal_dac_sync.o
 .debug_abbrev  0x00000bdf       0xe1 hal/src/hal_delay.o
 .debug_abbrev  0x00000cc0      0x179 hal/src/hal_ext_irq.o
 .debug_abbrev  0x00000e39      0x1c5 hal/src/hal_flash.o
 .debug_abbrev  0x00000ffe      0x115 hal/src/hal_io.o
 .debug_abbrev  0x00001113      0x180 hal/src/hal_pwm.o
 .debug_abbrev  0x00001293      0x1b1 hal/src/hal_spi_m_sync.o
 .debug_abbrev  0x00001444      0x221 hal/src/hal_timer.o
 .debug_abbrev  0x00001665      0x29f hal/src/hal_usart_async.o
 .debug_abbrev  0x00001904       0x86 hal/utils/src/utils_assert.o
 .debug_abbrev  0x0000198a      0x152 hal/utils/src/utils_list.o
 .debug_abbrev  0x00001adc       0xf4 hal/utils/src/utils_ringbuffer.o
 .debug_abbrev  0x00001bd0      0x450 hpl/ac/hpl_ac.o
 .debug_abbrev  0x00002020      0x4af hpl/adc/hpl_adc.o
 .debug_abbrev  0x000024cf      0x2a8 hpl/core/hpl_core_m0plus_base.o
 .debug_abbrev  0x00002777      0x1cc hpl/core/hpl_init.o
 .debug_abbrev  0x00002943      0x38e hpl/dac/hpl_dac.o
 .debug_abbrev  0x00002cd1      0x3fa hpl/eic/hpl_eic.o
 .debug_abbrev  0x000030cb      0x1c3 hpl/gclk/hpl_gclk.o
 .debug_abbrev  0x0000328e      0x5e9 hpl/nvmctrl/hpl_nvmctrl.o
 .debug_abbrev  0x00003877      0x226 hpl/pm/hpl_pm.o
 .debug_abbrev  0x00003a9d      0x5ce hpl/sercom/hpl_sercom.o
 .debug_abbrev  0x0000406b      0x1fb hpl/sysctrl/hpl_sysctrl.o
 .debug_abbrev  0x00004266      0x172 hpl/systick/hpl_systick.o
 .debug_abbrev  0x000043d8      0x51b hpl/tc/hpl_tc.o
 .debug_abbrev  0x000048f3      0x382 main.o
 .debug_abbrev  0x00004c75       0xe6 qtouch/touch.o
 .debug_abbrev  0x00004d5b      0x216 send_transmit.o
 .debug_abbrev  0x00004f71      0x221 thirdparty/RTOS/freertos/FreeRTOSV10.0.0/Source/list.o
 .debug_abbrev  0x00005192      0x1c0 thirdparty/RTOS/freertos/FreeRTOSV10.0.0/Source/portable/GCC/ARM_CM0/port.o
 .debug_abbrev  0x00005352      0x240 thirdparty/RTOS/freertos/FreeRTOSV10.0.0/Source/portable/MemMang/heap_1.o
 .debug_abbrev  0x00005592      0x30e thirdparty/RTOS/freertos/FreeRTOSV10.0.0/Source/queue.o
 .debug_abbrev  0x000058a0      0x3a1 thirdparty/RTOS/freertos/FreeRTOSV10.0.0/Source/tasks.o
 .debug_abbrev  0x00005c41      0x323 thirdparty/RTOS/freertos/FreeRTOSV10.0.0/Source/timers.o

.debug_loc      0x00000000    0x182d4
 .debug_loc     0x00000000       0x20 atmel_start.o
 .debug_loc     0x00000020       0x78 Device_Startup/startup_samd20.o
 .debug_loc     0x00000098      0xf23 driver_init.o
 .debug_loc     0x00000fbb      0x2da hal/src/hal_ac_sync.o
 .debug_loc     0x00001295      0x90c hal/src/hal_adc_sync.o
 .debug_loc     0x00001ba1       0x13 hal/src/hal_atomic.o
 .debug_loc     0x00001bb4      0x418 hal/src/hal_dac_sync.o
 .debug_loc     0x00001fcc       0xc3 hal/src/hal_delay.o
 .debug_loc     0x0000208f      0x37b hal/src/hal_ext_irq.o
 .debug_loc     0x0000240a      0xd6e hal/src/hal_flash.o
 .debug_loc     0x00003178      0x1b6 hal/src/hal_io.o
 .debug_loc     0x0000332e      0x40d hal/src/hal_pwm.o
 .debug_loc     0x0000373b      0x728 hal/src/hal_spi_m_sync.o
 .debug_loc     0x00003e63      0x767 hal/src/hal_timer.o
 .debug_loc     0x000045ca      0xf92 hal/src/hal_usart_async.o
 .debug_loc     0x0000555c      0x213 hal/utils/src/utils_list.o
 .debug_loc     0x0000576f      0x2d1 hal/utils/src/utils_ringbuffer.o
 .debug_loc     0x00005a40      0x82e hpl/ac/hpl_ac.o
 .debug_loc     0x0000626e     0x1e71 hpl/adc/hpl_adc.o
 .debug_loc     0x000080df      0x28f hpl/core/hpl_core_m0plus_base.o
 .debug_loc     0x0000836e       0x4c hpl/core/hpl_init.o
 .debug_loc     0x000083ba      0x55a hpl/dac/hpl_dac.o
 .debug_loc     0x00008914      0x50b hpl/eic/hpl_eic.o
 .debug_loc     0x00008e1f       0xa3 hpl/gclk/hpl_gclk.o
 .debug_loc     0x00008ec2     0x1b9d hpl/nvmctrl/hpl_nvmctrl.o
 .debug_loc     0x0000aa5f      0x11b hpl/pm/hpl_pm.o
 .debug_loc     0x0000ab7a     0x6a87 hpl/sercom/hpl_sercom.o
 .debug_loc     0x00011601      0x153 hpl/sysctrl/hpl_sysctrl.o
 .debug_loc     0x00011754       0xf9 hpl/systick/hpl_systick.o
 .debug_loc     0x0001184d     0x12a3 hpl/tc/hpl_tc.o
 .debug_loc     0x00012af0      0x201 main.o
 .debug_loc     0x00012cf1       0x97 send_transmit.o
 .debug_loc     0x00012d88       0x90 thirdparty/RTOS/freertos/FreeRTOSV10.0.0/Source/list.o
 .debug_loc     0x00012e18      0x126 thirdparty/RTOS/freertos/FreeRTOSV10.0.0/Source/portable/GCC/ARM_CM0/port.o
 .debug_loc     0x00012f3e       0x7f thirdparty/RTOS/freertos/FreeRTOSV10.0.0/Source/portable/MemMang/heap_1.o
 .debug_loc     0x00012fbd     0x21ec thirdparty/RTOS/freertos/FreeRTOSV10.0.0/Source/queue.o
 .debug_loc     0x000151a9     0x234b thirdparty/RTOS/freertos/FreeRTOSV10.0.0/Source/tasks.o
 .debug_loc     0x000174f4      0xde0 thirdparty/RTOS/freertos/FreeRTOSV10.0.0/Source/timers.o

.debug_aranges  0x00000000     0x1770
 .debug_aranges
                0x00000000       0x20 atmel_start.o
 .debug_aranges
                0x00000020       0x28 Device_Startup/startup_samd20.o
 .debug_aranges
                0x00000048       0xe0 driver_init.o
 .debug_aranges
                0x00000128       0x58 hal/src/hal_ac_sync.o
 .debug_aranges
                0x00000180       0x98 hal/src/hal_adc_sync.o
 .debug_aranges
                0x00000218       0x30 hal/src/hal_atomic.o
 .debug_aranges
                0x00000248       0x48 hal/src/hal_dac_sync.o
 .debug_aranges
                0x00000290       0x38 hal/src/hal_delay.o
 .debug_aranges
                0x000002c8       0x50 hal/src/hal_ext_irq.o
 .debug_aranges
                0x00000318       0x90 hal/src/hal_flash.o
 .debug_aranges
                0x000003a8       0x30 hal/src/hal_io.o
 .debug_aranges
                0x000003d8       0x60 hal/src/hal_pwm.o
 .debug_aranges
                0x00000438       0x88 hal/src/hal_spi_m_sync.o
 .debug_aranges
                0x000004c0       0x70 hal/src/hal_timer.o
 .debug_aranges
                0x00000530       0xe0 hal/src/hal_usart_async.o
 .debug_aranges
                0x00000610       0x20 hal/utils/src/utils_assert.o
 .debug_aranges
                0x00000630       0x48 hal/utils/src/utils_list.o
 .debug_aranges
                0x00000678       0x40 hal/utils/src/utils_ringbuffer.o
 .debug_aranges
                0x000006b8       0x90 hpl/ac/hpl_ac.o
 .debug_aranges
                0x00000748      0x1f0 hpl/adc/hpl_adc.o
 .debug_aranges
                0x00000938       0x70 hpl/core/hpl_core_m0plus_base.o
 .debug_aranges
                0x000009a8       0x20 hpl/core/hpl_init.o
 .debug_aranges
                0x000009c8       0x88 hpl/dac/hpl_dac.o
 .debug_aranges
                0x00000a50       0x38 hpl/eic/hpl_eic.o
 .debug_aranges
                0x00000a88       0x28 hpl/gclk/hpl_gclk.o
 .debug_aranges
                0x00000ab0       0xc8 hpl/nvmctrl/hpl_nvmctrl.o
 .debug_aranges
                0x00000b78       0x30 hpl/pm/hpl_pm.o
 .debug_aranges
                0x00000ba8      0x518 hpl/sercom/hpl_sercom.o
 .debug_aranges
                0x000010c0       0x28 hpl/sysctrl/hpl_sysctrl.o
 .debug_aranges
                0x000010e8       0x48 hpl/systick/hpl_systick.o
 .debug_aranges
                0x00001130       0xe8 hpl/tc/hpl_tc.o
 .debug_aranges
                0x00001218       0x38 main.o
 .debug_aranges
                0x00001250       0x20 qtouch/touch.o
 .debug_aranges
                0x00001270       0x30 send_transmit.o
 .debug_aranges
                0x000012a0       0x40 thirdparty/RTOS/freertos/FreeRTOSV10.0.0/Source/list.o
 .debug_aranges
                0x000012e0       0x88 thirdparty/RTOS/freertos/FreeRTOSV10.0.0/Source/portable/GCC/ARM_CM0/port.o
 .debug_aranges
                0x00001368       0x38 thirdparty/RTOS/freertos/FreeRTOSV10.0.0/Source/portable/MemMang/heap_1.o
 .debug_aranges
                0x000013a0      0x148 thirdparty/RTOS/freertos/FreeRTOSV10.0.0/Source/queue.o
 .debug_aranges
                0x000014e8      0x1c0 thirdparty/RTOS/freertos/FreeRTOSV10.0.0/Source/tasks.o
 .debug_aranges
                0x000016a8       0xc8 thirdparty/RTOS/freertos/FreeRTOSV10.0.0/Source/timers.o

.debug_ranges   0x00000000     0x18d0
 .debug_ranges  0x00000000       0x10 atmel_start.o
 .debug_ranges  0x00000010       0x18 Device_Startup/startup_samd20.o
 .debug_ranges  0x00000028       0xd0 driver_init.o
 .debug_ranges  0x000000f8       0x48 hal/src/hal_ac_sync.o
 .debug_ranges  0x00000140       0xa0 hal/src/hal_adc_sync.o
 .debug_ranges  0x000001e0       0x20 hal/src/hal_atomic.o
 .debug_ranges  0x00000200       0x38 hal/src/hal_dac_sync.o
 .debug_ranges  0x00000238       0x28 hal/src/hal_delay.o
 .debug_ranges  0x00000260       0x40 hal/src/hal_ext_irq.o
 .debug_ranges  0x000002a0       0x80 hal/src/hal_flash.o
 .debug_ranges  0x00000320       0x20 hal/src/hal_io.o
 .debug_ranges  0x00000340       0x50 hal/src/hal_pwm.o
 .debug_ranges  0x00000390       0x78 hal/src/hal_spi_m_sync.o
 .debug_ranges  0x00000408       0x90 hal/src/hal_timer.o
 .debug_ranges  0x00000498       0xd0 hal/src/hal_usart_async.o
 .debug_ranges  0x00000568       0x10 hal/utils/src/utils_assert.o
 .debug_ranges  0x00000578       0x38 hal/utils/src/utils_list.o
 .debug_ranges  0x000005b0       0x30 hal/utils/src/utils_ringbuffer.o
 .debug_ranges  0x000005e0       0xb0 hpl/ac/hpl_ac.o
 .debug_ranges  0x00000690      0x1f8 hpl/adc/hpl_adc.o
 .debug_ranges  0x00000888       0x60 hpl/core/hpl_core_m0plus_base.o
 .debug_ranges  0x000008e8       0x10 hpl/core/hpl_init.o
 .debug_ranges  0x000008f8       0x90 hpl/dac/hpl_dac.o
 .debug_ranges  0x00000988       0x28 hpl/eic/hpl_eic.o
 .debug_ranges  0x000009b0       0x18 hpl/gclk/hpl_gclk.o
 .debug_ranges  0x000009c8       0xd0 hpl/nvmctrl/hpl_nvmctrl.o
 .debug_ranges  0x00000a98       0x20 hpl/pm/hpl_pm.o
 .debug_ranges  0x00000ab8      0x640 hpl/sercom/hpl_sercom.o
 .debug_ranges  0x000010f8       0x18 hpl/sysctrl/hpl_sysctrl.o
 .debug_ranges  0x00001110       0x38 hpl/systick/hpl_systick.o
 .debug_ranges  0x00001148       0xf0 hpl/tc/hpl_tc.o
 .debug_ranges  0x00001238       0x28 main.o
 .debug_ranges  0x00001260       0x10 qtouch/touch.o
 .debug_ranges  0x00001270       0x20 send_transmit.o
 .debug_ranges  0x00001290       0x30 thirdparty/RTOS/freertos/FreeRTOSV10.0.0/Source/list.o
 .debug_ranges  0x000012c0       0x78 thirdparty/RTOS/freertos/FreeRTOSV10.0.0/Source/portable/GCC/ARM_CM0/port.o
 .debug_ranges  0x00001338       0x28 thirdparty/RTOS/freertos/FreeRTOSV10.0.0/Source/portable/MemMang/heap_1.o
 .debug_ranges  0x00001360      0x240 thirdparty/RTOS/freertos/FreeRTOSV10.0.0/Source/queue.o
 .debug_ranges  0x000015a0      0x278 thirdparty/RTOS/freertos/FreeRTOSV10.0.0/Source/tasks.o
 .debug_ranges  0x00001818       0xb8 thirdparty/RTOS/freertos/FreeRTOSV10.0.0/Source/timers.o

.debug_macro    0x00000000    0x17a5c
 .debug_macro   0x00000000      0x65c atmel_start.o
 .debug_macro   0x0000065c      0x89e atmel_start.o
 .debug_macro   0x00000efa      0x16d atmel_start.o
 .debug_macro   0x00001067       0x22 atmel_start.o
 .debug_macro   0x00001089       0x87 atmel_start.o
 .debug_macro   0x00001110       0x51 atmel_start.o
 .debug_macro   0x00001161       0xef atmel_start.o
 .debug_macro   0x00001250       0x6a atmel_start.o
 .debug_macro   0x000012ba      0x1df atmel_start.o
 .debug_macro   0x00001499       0x22 atmel_start.o
 .debug_macro   0x000014bb       0x3f atmel_start.o
 .debug_macro   0x000014fa       0x1c atmel_start.o
 .debug_macro   0x00001516       0x22 atmel_start.o
 .debug_macro   0x00001538       0xb5 atmel_start.o
 .debug_macro   0x000015ed      0x3ad atmel_start.o
 .debug_macro   0x0000199a      0x67e atmel_start.o
 .debug_macro   0x00002018      0x8b1 atmel_start.o
 .debug_macro   0x000028c9      0x222 atmel_start.o
 .debug_macro   0x00002aeb      0x5e7 atmel_start.o
 .debug_macro   0x000030d2      0x9f6 atmel_start.o
 .debug_macro   0x00003ac8      0x5b5 atmel_start.o
 .debug_macro   0x0000407d      0x4a5 atmel_start.o
 .debug_macro   0x00004522      0x6e8 atmel_start.o
 .debug_macro   0x00004c0a       0x5e atmel_start.o
 .debug_macro   0x00004c68      0x5de atmel_start.o
 .debug_macro   0x00005246      0x3ac atmel_start.o
 .debug_macro   0x000055f2      0xc76 atmel_start.o
 .debug_macro   0x00006268      0xd23 atmel_start.o
 .debug_macro   0x00006f8b      0x7ac atmel_start.o
 .debug_macro   0x00007737      0x6ba atmel_start.o
 .debug_macro   0x00007df1      0x340 atmel_start.o
 .debug_macro   0x00008131       0x7c atmel_start.o
 .debug_macro   0x000081ad       0x9a atmel_start.o
 .debug_macro   0x00008247       0x46 atmel_start.o
 .debug_macro   0x0000828d       0xb2 atmel_start.o
 .debug_macro   0x0000833f       0x6a atmel_start.o
 .debug_macro   0x000083a9      0x261 atmel_start.o
 .debug_macro   0x0000860a       0x7c atmel_start.o
 .debug_macro   0x00008686       0xb2 atmel_start.o
 .debug_macro   0x00008738       0x1c atmel_start.o
 .debug_macro   0x00008754       0x1c atmel_start.o
 .debug_macro   0x00008770       0x1c atmel_start.o
 .debug_macro   0x0000878c       0x82 atmel_start.o
 .debug_macro   0x0000880e      0x15a atmel_start.o
 .debug_macro   0x00008968       0x10 atmel_start.o
 .debug_macro   0x00008978       0xdc atmel_start.o
 .debug_macro   0x00008a54      0x100 atmel_start.o
 .debug_macro   0x00008b54      0x100 atmel_start.o
 .debug_macro   0x00008c54      0x100 atmel_start.o
 .debug_macro   0x00008d54      0x100 atmel_start.o
 .debug_macro   0x00008e54      0x100 atmel_start.o
 .debug_macro   0x00008f54      0x100 atmel_start.o
 .debug_macro   0x00009054       0xfa atmel_start.o
 .debug_macro   0x0000914e       0xbe atmel_start.o
 .debug_macro   0x0000920c       0xbe atmel_start.o
 .debug_macro   0x000092ca       0xbe atmel_start.o
 .debug_macro   0x00009388       0xbe atmel_start.o
 .debug_macro   0x00009446       0xbe atmel_start.o
 .debug_macro   0x00009504       0xbe atmel_start.o
 .debug_macro   0x000095c2       0xbe atmel_start.o
 .debug_macro   0x00009680       0xbe atmel_start.o
 .debug_macro   0x0000973e       0x40 atmel_start.o
 .debug_macro   0x0000977e      0x2f8 atmel_start.o
 .debug_macro   0x00009a76     0x1b18 atmel_start.o
 .debug_macro   0x0000b58e       0x66 atmel_start.o
 .debug_macro   0x0000b5f4       0x10 atmel_start.o
 .debug_macro   0x0000b604       0x10 atmel_start.o
 .debug_macro   0x0000b614       0x16 atmel_start.o
 .debug_macro   0x0000b62a       0x16 atmel_start.o
 .debug_macro   0x0000b640       0x16 atmel_start.o
 .debug_macro   0x0000b656       0x16 atmel_start.o
 .debug_macro   0x0000b66c       0x16 atmel_start.o
 .debug_macro   0x0000b682       0x16 atmel_start.o
 .debug_macro   0x0000b698       0x16 atmel_start.o
 .debug_macro   0x0000b6ae       0x16 atmel_start.o
 .debug_macro   0x0000b6c4       0x16 atmel_start.o
 .debug_macro   0x0000b6da       0x16 atmel_start.o
 .debug_macro   0x0000b6f0      0x4c3 atmel_start.o
 .debug_macro   0x0000bbb3       0x16 atmel_start.o
 .debug_macro   0x0000bbc9       0x16 atmel_start.o
 .debug_macro   0x0000bbdf       0x6a atmel_start.o
 .debug_macro   0x0000bc49       0x16 atmel_start.o
 .debug_macro   0x0000bc5f       0xca atmel_start.o
 .debug_macro   0x0000bd29       0x1c atmel_start.o
 .debug_macro   0x0000bd45       0x16 atmel_start.o
 .debug_macro   0x0000bd5b       0x58 atmel_start.o
 .debug_macro   0x0000bdb3       0xc9 atmel_start.o
 .debug_macro   0x0000be7c       0x10 atmel_start.o
 .debug_macro   0x0000be8c       0xab atmel_start.o
 .debug_macro   0x0000bf37      0x183 atmel_start.o
 .debug_macro   0x0000c0ba      0x15a atmel_start.o
 .debug_macro   0x0000c214       0xa6 atmel_start.o
 .debug_macro   0x0000c2ba       0x10 atmel_start.o
 .debug_macro   0x0000c2ca       0x1f atmel_start.o
 .debug_macro   0x0000c2e9      0x46a atmel_start.o
 .debug_macro   0x0000c753       0xb5 atmel_start.o
 .debug_macro   0x0000c808       0x8c atmel_start.o
 .debug_macro   0x0000c894       0x86 atmel_start.o
 .debug_macro   0x0000c91a       0x7e atmel_start.o
 .debug_macro   0x0000c998       0x22 atmel_start.o
 .debug_macro   0x0000c9ba       0x10 atmel_start.o
 .debug_macro   0x0000c9ca      0x2a2 Device_Startup/startup_samd20.o
 .debug_macro   0x0000cc6c       0x39 Device_Startup/startup_samd20.o
 .debug_macro   0x0000cca5      0x5aa driver_init.o
 .debug_macro   0x0000d24f      0x3ca hal/src/hal_ac_sync.o
 .debug_macro   0x0000d619      0x3ce hal/src/hal_adc_sync.o
 .debug_macro   0x0000d9e7      0x39a hal/src/hal_atomic.o
 .debug_macro   0x0000dd81      0x3c7 hal/src/hal_dac_sync.o
 .debug_macro   0x0000e148      0x3cc hal/src/hal_delay.o
 .debug_macro   0x0000e514      0x3c0 hal/src/hal_ext_irq.o
 .debug_macro   0x0000e8d4      0x3ca hal/src/hal_flash.o
 .debug_macro   0x0000ec9e      0x3ad hal/src/hal_io.o
 .debug_macro   0x0000f04b      0x3ca hal/src/hal_pwm.o
 .debug_macro   0x0000f415      0x3f0 hal/src/hal_spi_m_sync.o
 .debug_macro   0x0000f805      0x3e0 hal/src/hal_timer.o
 .debug_macro   0x0000fbe5      0x3f6 hal/src/hal_usart_async.o
 .debug_macro   0x0000ffdb      0x3a3 hal/utils/src/utils_assert.o
 .debug_macro   0x0001037e       0x10 hal/utils/src/utils_assert.o
 .debug_macro   0x0001038e      0x3a7 hal/utils/src/utils_list.o
 .debug_macro   0x00010735      0x3a7 hal/utils/src/utils_ringbuffer.o
 .debug_macro   0x00010adc      0x3cd hpl/ac/hpl_ac.o
 .debug_macro   0x00010ea9      0x101 hpl/ac/hpl_ac.o
 .debug_macro   0x00010faa      0x3f5 hpl/adc/hpl_adc.o
 .debug_macro   0x0001139f      0x6cc hpl/adc/hpl_adc.o
 .debug_macro   0x00011a6b      0x6ba hpl/adc/hpl_adc.o
 .debug_macro   0x00012125       0xd2 hpl/adc/hpl_adc.o
 .debug_macro   0x000121f7      0x3f1 hpl/core/hpl_core_m0plus_base.o
 .debug_macro   0x000125e8      0x3ed hpl/core/hpl_init.o
 .debug_macro   0x000129d5       0x2e hpl/core/hpl_init.o
 .debug_macro   0x00012a03      0x3ca hpl/dac/hpl_dac.o
 .debug_macro   0x00012dcd       0x40 hpl/dac/hpl_dac.o
 .debug_macro   0x00012e0d      0x484 hpl/eic/hpl_eic.o
 .debug_macro   0x00013291      0x23a hpl/eic/hpl_eic.o
 .debug_macro   0x000134cb      0x3b0 hpl/gclk/hpl_gclk.o
 .debug_macro   0x0001387b      0x1f3 hpl/gclk/hpl_gclk.o
 .debug_macro   0x00013a6e      0x4da hpl/nvmctrl/hpl_nvmctrl.o
 .debug_macro   0x00013f48       0x1c hpl/nvmctrl/hpl_nvmctrl.o
 .debug_macro   0x00013f64      0x3d9 hpl/pm/hpl_pm.o
 .debug_macro   0x0001433d      0x5a2 hpl/sercom/hpl_sercom.o
 .debug_macro   0x000148df       0x10 hpl/sercom/hpl_sercom.o
 .debug_macro   0x000148ef       0x1c hpl/sercom/hpl_sercom.o
 .debug_macro   0x0001490b       0x22 hpl/sercom/hpl_sercom.o
 .debug_macro   0x0001492d       0x10 hpl/sercom/hpl_sercom.o
 .debug_macro   0x0001493d       0x70 hpl/sercom/hpl_sercom.o
 .debug_macro   0x000149ad      0x119 hpl/sercom/hpl_sercom.o
 .debug_macro   0x00014ac6      0x3b0 hpl/sysctrl/hpl_sysctrl.o
 .debug_macro   0x00014e76      0x29a hpl/sysctrl/hpl_sysctrl.o
 .debug_macro   0x00015110      0x3a7 hpl/systick/hpl_systick.o
 .debug_macro   0x000154b7       0x10 hpl/systick/hpl_systick.o
 .debug_macro   0x000154c7      0x430 hpl/tc/hpl_tc.o
 .debug_macro   0x000158f7       0x7d hpl/tc/hpl_tc.o
 .debug_macro   0x00015974       0x82 hpl/tc/hpl_tc.o
 .debug_macro   0x000159f6      0x7cc main.o
 .debug_macro   0x000161c2      0x667 qtouch/touch.o
 .debug_macro   0x00016829      0x68a send_transmit.o
 .debug_macro   0x00016eb3      0x18a thirdparty/RTOS/freertos/FreeRTOSV10.0.0/Source/list.o
 .debug_macro   0x0001703d      0x133 thirdparty/RTOS/freertos/FreeRTOSV10.0.0/Source/portable/GCC/ARM_CM0/port.o
 .debug_macro   0x00017170      0x1ab thirdparty/RTOS/freertos/FreeRTOSV10.0.0/Source/portable/MemMang/heap_1.o
 .debug_macro   0x0001731b      0x206 thirdparty/RTOS/freertos/FreeRTOSV10.0.0/Source/queue.o
 .debug_macro   0x00017521       0x16 thirdparty/RTOS/freertos/FreeRTOSV10.0.0/Source/queue.o
 .debug_macro   0x00017537      0x32c thirdparty/RTOS/freertos/FreeRTOSV10.0.0/Source/tasks.o
 .debug_macro   0x00017863       0x10 thirdparty/RTOS/freertos/FreeRTOSV10.0.0/Source/tasks.o
 .debug_macro   0x00017873       0x1c thirdparty/RTOS/freertos/FreeRTOSV10.0.0/Source/tasks.o
 .debug_macro   0x0001788f      0x1cd thirdparty/RTOS/freertos/FreeRTOSV10.0.0/Source/timers.o

.debug_line     0x00000000    0x1b673
 .debug_line    0x00000000      0xd2b atmel_start.o
 .debug_line    0x00000d2b      0x68e Device_Startup/startup_samd20.o
 .debug_line    0x000013b9      0xe86 driver_init.o
 .debug_line    0x0000223f      0x937 hal/src/hal_ac_sync.o
 .debug_line    0x00002b76      0xa1c hal/src/hal_adc_sync.o
 .debug_line    0x00003592      0x8a2 hal/src/hal_atomic.o
 .debug_line    0x00003e34      0x978 hal/src/hal_dac_sync.o
 .debug_line    0x000047ac      0x8cd hal/src/hal_delay.o
 .debug_line    0x00005079      0x940 hal/src/hal_ext_irq.o
 .debug_line    0x000059b9      0xae5 hal/src/hal_flash.o
 .debug_line    0x0000649e      0x8ba hal/src/hal_io.o
 .debug_line    0x00006d58      0x95c hal/src/hal_pwm.o
 .debug_line    0x000076b4      0xa20 hal/src/hal_spi_m_sync.o
 .debug_line    0x000080d4      0xa40 hal/src/hal_timer.o
 .debug_line    0x00008b14      0xb7a hal/src/hal_usart_async.o
 .debug_line    0x0000968e      0x86c hal/utils/src/utils_assert.o
 .debug_line    0x00009efa      0x905 hal/utils/src/utils_list.o
 .debug_line    0x0000a7ff      0x90b hal/utils/src/utils_ringbuffer.o
 .debug_line    0x0000b10a      0xb93 hpl/ac/hpl_ac.o
 .debug_line    0x0000bc9d     0x1187 hpl/adc/hpl_adc.o
 .debug_line    0x0000ce24      0xa1b hpl/core/hpl_core_m0plus_base.o
 .debug_line    0x0000d83f      0x902 hpl/core/hpl_init.o
 .debug_line    0x0000e141      0xacb hpl/dac/hpl_dac.o
 .debug_line    0x0000ec0c      0xa5e hpl/eic/hpl_eic.o
 .debug_line    0x0000f66a      0x8c6 hpl/gclk/hpl_gclk.o
 .debug_line    0x0000ff30      0xec6 hpl/nvmctrl/hpl_nvmctrl.o
 .debug_line    0x00010df6      0x912 hpl/pm/hpl_pm.o
 .debug_line    0x00011708     0x26b9 hpl/sercom/hpl_sercom.o
 .debug_line    0x00013dc1      0x8f5 hpl/sysctrl/hpl_sysctrl.o
 .debug_line    0x000146b6      0x8f7 hpl/systick/hpl_systick.o
 .debug_line    0x00014fad      0xe00 hpl/tc/hpl_tc.o
 .debug_line    0x00015dad      0xebd main.o
 .debug_line    0x00016c6a      0xd20 qtouch/touch.o
 .debug_line    0x0001798a      0xdbd send_transmit.o
 .debug_line    0x00018747      0x4a0 thirdparty/RTOS/freertos/FreeRTOSV10.0.0/Source/list.o
 .debug_line    0x00018be7      0x499 thirdparty/RTOS/freertos/FreeRTOSV10.0.0/Source/portable/GCC/ARM_CM0/port.o
 .debug_line    0x00019080      0x497 thirdparty/RTOS/freertos/FreeRTOSV10.0.0/Source/portable/MemMang/heap_1.o
 .debug_line    0x00019517      0xb81 thirdparty/RTOS/freertos/FreeRTOSV10.0.0/Source/queue.o
 .debug_line    0x0001a098      0xeec thirdparty/RTOS/freertos/FreeRTOSV10.0.0/Source/tasks.o
 .debug_line    0x0001af84      0x6ef thirdparty/RTOS/freertos/FreeRTOSV10.0.0/Source/timers.o

.debug_str      0x00000000    0x68cdb
 .debug_str     0x00000000    0x4ef0a atmel_start.o
                              0x4f442 (size before relaxing)
 .debug_str     0x0004ef0a      0x529 Device_Startup/startup_samd20.o
                              0x4615a (size before relaxing)
 .debug_str     0x0004f433     0x1811 driver_init.o
                              0x4c934 (size before relaxing)
 .debug_str     0x00050c44       0xab hal/src/hal_ac_sync.o
                              0x4a1b8 (size before relaxing)
 .debug_str     0x00050cef      0x3d3 hal/src/hal_adc_sync.o
                              0x4a159 (size before relaxing)
 .debug_str     0x000510c2       0x9c hal/src/hal_atomic.o
                              0x49b5b (size before relaxing)
 .debug_str     0x0005115e       0xc2 hal/src/hal_dac_sync.o
                              0x49d43 (size before relaxing)
 .debug_str     0x00051220       0x9b hal/src/hal_delay.o
                              0x49bc5 (size before relaxing)
 .debug_str     0x000512bb       0xec hal/src/hal_ext_irq.o
                              0x49c40 (size before relaxing)
 .debug_str     0x000513a7      0x1cf hal/src/hal_flash.o
                              0x4a393 (size before relaxing)
 .debug_str     0x00051576       0x2c hal/src/hal_io.o
                              0x49c08 (size before relaxing)
 .debug_str     0x000515a2      0x185 hal/src/hal_pwm.o
                              0x4a2f8 (size before relaxing)
 .debug_str     0x00051727      0x2ef hal/src/hal_spi_m_sync.o
                              0x4a4f5 (size before relaxing)
 .debug_str     0x00051a16      0x2cc hal/src/hal_timer.o
                              0x4a49a (size before relaxing)
 .debug_str     0x00051ce2      0x694 hal/src/hal_usart_async.o
                              0x4aa72 (size before relaxing)
 .debug_str     0x00052376       0x2a hal/utils/src/utils_assert.o
                              0x49b6b (size before relaxing)
 .debug_str     0x000523a0       0x31 hal/utils/src/utils_list.o
                              0x49c15 (size before relaxing)
 .debug_str     0x000523d1       0x24 hal/utils/src/utils_ringbuffer.o
                              0x49c11 (size before relaxing)
 .debug_str     0x000523f5      0xe33 hpl/ac/hpl_ac.o
                              0x4b1e2 (size before relaxing)
 .debug_str     0x00053228     0x6a73 hpl/adc/hpl_adc.o
                              0x50f46 (size before relaxing)
 .debug_str     0x00059c9b       0xda hpl/core/hpl_core_m0plus_base.o
                              0x4a836 (size before relaxing)
 .debug_str     0x00059d75      0x1df hpl/core/hpl_init.o
                              0x4a38d (size before relaxing)
 .debug_str     0x00059f54      0x408 hpl/dac/hpl_dac.o
                              0x4a3f3 (size before relaxing)
 .debug_str     0x0005a35c     0x3b14 hpl/eic/hpl_eic.o
                              0x4de8a (size before relaxing)
 .debug_str     0x0005de70      0x81a hpl/gclk/hpl_gclk.o
                              0x4a453 (size before relaxing)
 .debug_str     0x0005e68a      0x826 hpl/nvmctrl/hpl_nvmctrl.o
                              0x4da7d (size before relaxing)
 .debug_str     0x0005eeb0      0x194 hpl/pm/hpl_pm.o
                              0x4a4f6 (size before relaxing)
 .debug_str     0x0005f044     0x3e5e hpl/sercom/hpl_sercom.o
                              0x4f32f (size before relaxing)
 .debug_str     0x00062ea2     0x103c hpl/sysctrl/hpl_sysctrl.o
                              0x4ac9b (size before relaxing)
 .debug_str     0x00063ede       0xcd hpl/systick/hpl_systick.o
                              0x49bb3 (size before relaxing)
 .debug_str     0x00063fab      0xc05 hpl/tc/hpl_tc.o
                              0x4b868 (size before relaxing)
 .debug_str     0x00064bb0     0x12b7 main.o
                              0x535a4 (size before relaxing)
 .debug_str     0x00065e67       0x1b qtouch/touch.o
                              0x4f42d (size before relaxing)
 .debug_str     0x00065e82       0xee send_transmit.o
                              0x4f60a (size before relaxing)
 .debug_str     0x00065f70      0x24f thirdparty/RTOS/freertos/FreeRTOSV10.0.0/Source/list.o
                               0x9bea (size before relaxing)
 .debug_str     0x000661bf      0x407 thirdparty/RTOS/freertos/FreeRTOSV10.0.0/Source/portable/GCC/ARM_CM0/port.o
                               0x76d0 (size before relaxing)
 .debug_str     0x000665c6      0x176 thirdparty/RTOS/freertos/FreeRTOSV10.0.0/Source/portable/MemMang/heap_1.o
                               0xa169 (size before relaxing)
 .debug_str     0x0006673c      0x910 thirdparty/RTOS/freertos/FreeRTOSV10.0.0/Source/queue.o
                               0xb26b (size before relaxing)
 .debug_str     0x0006704c     0x1822 thirdparty/RTOS/freertos/FreeRTOSV10.0.0/Source/tasks.o
                               0xcef2 (size before relaxing)
 .debug_str     0x0006886e      0x46d thirdparty/RTOS/freertos/FreeRTOSV10.0.0/Source/timers.o
                               0xb54b (size before relaxing)

.debug_frame    0x00000000     0x3c34
 .debug_frame   0x00000000       0x28 atmel_start.o
 .debug_frame   0x00000028       0x38 Device_Startup/startup_samd20.o
 .debug_frame   0x00000060      0x21c driver_init.o
 .debug_frame   0x0000027c       0xd8 hal/src/hal_ac_sync.o
 .debug_frame   0x00000354      0x1d0 hal/src/hal_adc_sync.o
 .debug_frame   0x00000524       0x40 hal/src/hal_atomic.o
 .debug_frame   0x00000564       0xb4 hal/src/hal_dac_sync.o
 .debug_frame   0x00000618       0x68 hal/src/hal_delay.o
 .debug_frame   0x00000680       0xc4 hal/src/hal_ext_irq.o
 .debug_frame   0x00000744      0x1b8 hal/src/hal_flash.o
 .debug_frame   0x000008fc       0x58 hal/src/hal_io.o
 .debug_frame   0x00000954       0xec hal/src/hal_pwm.o
 .debug_frame   0x00000a40      0x188 hal/src/hal_spi_m_sync.o
 .debug_frame   0x00000bc8      0x13c hal/src/hal_timer.o
 .debug_frame   0x00000d04      0x2a4 hal/src/hal_usart_async.o
 .debug_frame   0x00000fa8       0x20 hal/utils/src/utils_assert.o
 .debug_frame   0x00000fc8       0x88 hal/utils/src/utils_list.o
 .debug_frame   0x00001050       0x94 hal/utils/src/utils_ringbuffer.o
 .debug_frame   0x000010e4      0x138 hpl/ac/hpl_ac.o
 .debug_frame   0x0000121c      0x498 hpl/adc/hpl_adc.o
 .debug_frame   0x000016b4       0xd4 hpl/core/hpl_core_m0plus_base.o
 .debug_frame   0x00001788       0x28 hpl/core/hpl_init.o
 .debug_frame   0x000017b0      0x108 hpl/dac/hpl_dac.o
 .debug_frame   0x000018b8       0x64 hpl/eic/hpl_eic.o
 .debug_frame   0x0000191c       0x30 hpl/gclk/hpl_gclk.o
 .debug_frame   0x0000194c      0x260 hpl/nvmctrl/hpl_nvmctrl.o
 .debug_frame   0x00001bac       0x40 hpl/pm/hpl_pm.o
 .debug_frame   0x00001bec      0xea4 hpl/sercom/hpl_sercom.o
 .debug_frame   0x00002a90       0x30 hpl/sysctrl/hpl_sysctrl.o
 .debug_frame   0x00002ac0       0x78 hpl/systick/hpl_systick.o
 .debug_frame   0x00002b38      0x234 hpl/tc/hpl_tc.o
 .debug_frame   0x00002d6c       0x84 main.o
 .debug_frame   0x00002df0       0x20 qtouch/touch.o
 .debug_frame   0x00002e10       0x64 send_transmit.o
 .debug_frame   0x00002e74       0x6c thirdparty/RTOS/freertos/FreeRTOSV10.0.0/Source/list.o
 .debug_frame   0x00002ee0      0x10c thirdparty/RTOS/freertos/FreeRTOSV10.0.0/Source/portable/GCC/ARM_CM0/port.o
 .debug_frame   0x00002fec       0x5c thirdparty/RTOS/freertos/FreeRTOSV10.0.0/Source/portable/MemMang/heap_1.o
 .debug_frame   0x00003048      0x3d8 thirdparty/RTOS/freertos/FreeRTOSV10.0.0/Source/queue.o
 .debug_frame   0x00003420      0x548 thirdparty/RTOS/freertos/FreeRTOSV10.0.0/Source/tasks.o
 .debug_frame   0x00003968      0x230 thirdparty/RTOS/freertos/FreeRTOSV10.0.0/Source/timers.o
 .debug_frame   0x00003b98       0x28 c:/program files (x86)/atmel/studio/7.0/toolchain/arm/arm-gnu-toolchain/bin/../lib/gcc/arm-none-eabi/6.3.1/thumb/v6-m\libgcc.a(_ffssi2.o)
 .debug_frame   0x00003bc0       0x2c c:/program files (x86)/atmel/studio/7.0/toolchain/arm/arm-gnu-toolchain/bin/../lib/gcc/arm-none-eabi/6.3.1/../../../../arm-none-eabi/lib/thumb/v6-m\libc_nano.a(lib_a-init.o)
 .debug_frame   0x00003bec       0x28 c:/program files (x86)/atmel/studio/7.0/toolchain/arm/arm-gnu-toolchain/bin/../lib/gcc/arm-none-eabi/6.3.1/../../../../arm-none-eabi/lib/thumb/v6-m\libc_nano.a(lib_a-memcpy-stub.o)
 .debug_frame   0x00003c14       0x20 c:/program files (x86)/atmel/studio/7.0/toolchain/arm/arm-gnu-toolchain/bin/../lib/gcc/arm-none-eabi/6.3.1/../../../../arm-none-eabi/lib/thumb/v6-m\libc_nano.a(lib_a-memset.o)
